api.roku.com
api.rokutime.com
www-roku.mgo.com
api.mobile.roku.com
api.sr.roku.com
cigars.roku.com
cloudservices.roku.com
api2.sr.roku.com
aphrodite.web.roku.com
order.rhapsody.com
www.pandora.com
tuner.pandora.com
device-tuner.pandora.com
tv.pandora.com
bivl.pandora.com
ios-tuner.pandora.com
mediaserver-cont-sv5-1-v4v6.pandora.com
mediaserver-cont-sv5-2-v4v6.pandora.com
mediaserver-cont-ch1-1-v4v6.pandora.com
mediaserver-cont-dc6-2-v4v6.pandora.com
mediaserver-cont-dc6-1-v4v6.pandora.com
pindorama.amazon.com
ssm1.internet.sony.tv
ssm.internet.sony.tv
portal.store.sonyentertainmentnetwork.com
api.erabu.sonymobile.com
content.erabu.sonymobile.com
bivl.np.ac.playstation.net
kairos.dl.playstation.net
kairos-ssl.dl.playstation.net
store.playstation.com
call.me.sel.sony.com
static.internet.sony.tv
update.biv.sony.tv
blu-ray.update.sony.net
reg.biv.sony.tv
service.biv.sony.tv
applicast.ga.sony.net
atv-ps.amazon.com
fals.atv-ps.amazon.com
atv-ext.amazon.com
fls-eu.amazon.com
fls-eu.amazon.co.uk
atv-ps-eu.amazon.com
fls-eu.amazon.de
atv-eu.amazon.com
fls-na.amazon.com
aiv-clients-apps.amazon.com
atv-ext-eu.amazon.com
api.amazon.de
api.amazon.com
fls-fe.amazon.co.jp
fls-fe.amazon.com
atv-ps-fe.amazon.com
atv-ext-fe.amazon.com
api.amazon.co.jp
api.amazon.co.uk
dcape-na.amazon.com
arcus-uswest.amazon.com
atv-ps-eu.amazon.co.uk
dp-gw-na.amazon.com
www.amazon.com.au
unagi-na.amazon.com
api.amazonalexa.com
avs-alexa-1-na.amazon.com
avs-alexa-2-na.amazon.com
avs-alexa-3-na.amazon.com
avs-alexa-4-na.amazon.com
avs-alexa-5-na.amazon.com
avs-alexa-6-na.amazon.com
avs-alexa-7-na.amazon.com
avs-alexa-8-na.amazon.com
avs-alexa-9-na.amazon.com
avs-alexa-10-na.amazon.com
avs-alexa-11-na.amazon.com
avs-alexa-12-na.amazon.com
avs-alexa-13-na.amazon.com
avs-alexa-14-na.amazon.com
avs-alexa-15-na.amazon.com
avs-alexa-16-na.amazon.com
avs-alexa-17-na.amazon.com
avs-alexa-18-na.amazon.com
avs-alexa-19-na.amazon.com
avs-alexa-20-na.amazon.com
ia.media-imdb.com
imdbtv-backend-na.amazon.com
sessions.watchtower.imdbtv.amazon.dev
www.spotify.com
play.spotify.com
api.spotify.com
api-partner.spotify.com
www.iheart.com
www.slacker.com
gspe19-ssl.ls.apple.com
api.config.watchabc.go.com
api.contents.watchabc.go.com
api.abc.com
radiko.jp
www.crackle.com
omn.crackle.com
ios-api-us.crackle.com
ios-api.crackle.com
android-api-us.crackle.com
xboxone-api-us.crackle.com
ps3-api-us.crackle.com
roku-api.crackle.com
amazon-api-us.crackle.com
api.crackle.com
m.crackle.com
content-xuse1.uplynk.com
appletv.crackle.com
appletv-api-us.crackle.com
androidtv-api-us.crackle.com
geo.aspen.turner.com
token.aspen.vgtf.net
i.cdn.tbs.com
geo.ngtv.io
token.ngtv.io
highlander-prod.tbsdlabs.com
blackout.ngtv.io
aspen.ngtv.io
atlas.ngtv.io
highlander.tbs.com
sbp.ngtv.io
i.hbo.lv3.hbogo.com
hls.hbo.lv3.hbogo.com
atv.api.lv3.cdn.hbo.com
artist.api.lv3.cdn.hbo.com
artist.api.lv3.cdn.hbo.com.c.footprint.net
comet.api.hbo.com
login.api.hbo.com
telegraph.api.hbo.com
markers.api.hbo.com
www.hbonow.com
play.hbonow.com
prod-v2.reporting.hbogo.com
commerce-experience.api.hbo.com
activate.hbomax.com
commerce.api.hbo.com
www.hbomax.com
sessions.api.hbo.com
oauth.api.hbo.com
oauth-us.api.hbo.com
manifests.api.hbo.com
commerce-latam.api.hbo.com
gateway-latam.api.hbo.com
sessions-latam.api.hbo.com
oauth-latam.api.hbo.com
comet-latam.api.hbo.com
comet-emea.api.hbo.com
manifests.v2.api.hbo.com
gateway-emea.api.hbo.com
xbox.mtvnservices.com
apimtv-a.akamaihd.net
mediaresolver-a.akamaihd.net
musicjsonpath-a.akamaihd.net
auth.mtvnservices.com
mb.mtvnservices.com
ssc.cc.com
apicache.vudu.com
api.vudu.com
startup.vudu.com
my.vudu.com
cs1.vudu.com
cs2.vudu.com
cs3.vudu.com
cs4.vudu.com
cs5.vudu.com
cs6.vudu.com
vudu.d1.sc.omtrdc.net
startup.vvond.net
startup-aus.vvond.net
startup-nzl.vvond.net
startup-abw.vvond.net
startup-afg.vvond.net
startup-ago.vvond.net
startup-aia.vvond.net
startup-ala.vvond.net
startup-alb.vvond.net
startup-and.vvond.net
startup-are.vvond.net
startup-arg.vvond.net
startup-arm.vvond.net
startup-asm.vvond.net
startup-ata.vvond.net
startup-atf.vvond.net
startup-atg.vvond.net
startup-aut.vvond.net
startup-aze.vvond.net
startup-bdi.vvond.net
startup-bel.vvond.net
startup-ben.vvond.net
startup-bes.vvond.net
startup-bfa.vvond.net
startup-bgd.vvond.net
startup-bgr.vvond.net
startup-bhr.vvond.net
startup-bhs.vvond.net
startup-bih.vvond.net
startup-blm.vvond.net
startup-blr.vvond.net
startup-blz.vvond.net
startup-bmu.vvond.net
startup-bol.vvond.net
startup-bra.vvond.net
startup-brb.vvond.net
startup-brn.vvond.net
startup-btn.vvond.net
startup-bvt.vvond.net
startup-bwa.vvond.net
startup-caf.vvond.net
startup-can.vvond.net
startup-cck.vvond.net
startup-che.vvond.net
startup-chl.vvond.net
startup-chn.vvond.net
startup-civ.vvond.net
startup-cmr.vvond.net
startup-cod.vvond.net
startup-cog.vvond.net
startup-cok.vvond.net
startup-col.vvond.net
startup-com.vvond.net
startup-cpv.vvond.net
startup-cri.vvond.net
startup-cub.vvond.net
startup-cuw.vvond.net
startup-cxr.vvond.net
startup-cym.vvond.net
startup-cyp.vvond.net
startup-cze.vvond.net
startup-deu.vvond.net
startup-dji.vvond.net
startup-dma.vvond.net
startup-dnk.vvond.net
startup-dom.vvond.net
startup-dza.vvond.net
startup-ecu.vvond.net
startup-egy.vvond.net
startup-eri.vvond.net
startup-esh.vvond.net
startup-esp.vvond.net
startup-est.vvond.net
startup-eth.vvond.net
startup-fin.vvond.net
startup-fji.vvond.net
startup-flk.vvond.net
startup-fra.vvond.net
startup-fro.vvond.net
startup-fsm.vvond.net
startup-gab.vvond.net
startup-gbr.vvond.net
startup-geo.vvond.net
startup-ggy.vvond.net
startup-gha.vvond.net
startup-gib.vvond.net
startup-gin.vvond.net
startup-glp.vvond.net
startup-gmb.vvond.net
startup-gnb.vvond.net
startup-gnq.vvond.net
startup-grc.vvond.net
startup-grd.vvond.net
startup-grl.vvond.net
startup-gtm.vvond.net
startup-guf.vvond.net
startup-gum.vvond.net
startup-guy.vvond.net
startup-hkg.vvond.net
startup-hmd.vvond.net
startup-hnd.vvond.net
startup-hrv.vvond.net
startup-hti.vvond.net
startup-hun.vvond.net
startup-idn.vvond.net
startup-imn.vvond.net
startup-ind.vvond.net
startup-iot.vvond.net
startup-irl.vvond.net
startup-irn.vvond.net
startup-irq.vvond.net
startup-isl.vvond.net
startup-isr.vvond.net
startup-ita.vvond.net
startup-jam.vvond.net
startup-jey.vvond.net
startup-jor.vvond.net
startup-jpn.vvond.net
startup-kaz.vvond.net
startup-ken.vvond.net
startup-kgz.vvond.net
startup-khm.vvond.net
startup-kir.vvond.net
startup-kna.vvond.net
startup-kor.vvond.net
startup-kwt.vvond.net
startup-lao.vvond.net
startup-lbn.vvond.net
startup-lbr.vvond.net
startup-lby.vvond.net
startup-lca.vvond.net
startup-lie.vvond.net
startup-lka.vvond.net
startup-lso.vvond.net
startup-ltu.vvond.net
startup-lux.vvond.net
startup-lva.vvond.net
startup-mac.vvond.net
startup-maf.vvond.net
startup-mar.vvond.net
startup-mco.vvond.net
startup-mda.vvond.net
startup-mdg.vvond.net
startup-mdv.vvond.net
startup-mex.vvond.net
startup-mhl.vvond.net
startup-mkd.vvond.net
startup-mli.vvond.net
startup-mlt.vvond.net
startup-mmr.vvond.net
startup-mne.vvond.net
startup-mng.vvond.net
startup-mnp.vvond.net
startup-moz.vvond.net
startup-mrt.vvond.net
startup-mtq.vvond.net
startup-mus.vvond.net
startup-mwi.vvond.net
startup-mys.vvond.net
startup-myt.vvond.net
startup-nam.vvond.net
startup-ncl.vvond.net
startup-ner.vvond.net
startup-nfk.vvond.net
startup-nga.vvond.net
startup-nic.vvond.net
startup-niu.vvond.net
startup-nld.vvond.net
startup-nor.vvond.net
startup-npl.vvond.net
startup-nru.vvond.net
startup-omn.vvond.net
startup-pak.vvond.net
startup-pan.vvond.net
startup-pcn.vvond.net
startup-per.vvond.net
startup-phl.vvond.net
startup-plw.vvond.net
startup-png.vvond.net
startup-pol.vvond.net
startup-pri.vvond.net
startup-prk.vvond.net
startup-prt.vvond.net
startup-pry.vvond.net
startup-pse.vvond.net
startup-pyf.vvond.net
startup-qat.vvond.net
startup-reu.vvond.net
startup-rou.vvond.net
startup-rus.vvond.net
startup-rwa.vvond.net
startup-sau.vvond.net
startup-sdn.vvond.net
startup-sen.vvond.net
startup-sgp.vvond.net
startup-sgs.vvond.net
startup-shn.vvond.net
startup-sjm.vvond.net
startup-slb.vvond.net
startup-sle.vvond.net
startup-slv.vvond.net
startup-smr.vvond.net
startup-som.vvond.net
startup-spm.vvond.net
startup-srb.vvond.net
startup-ssd.vvond.net
startup-stp.vvond.net
startup-sur.vvond.net
startup-svk.vvond.net
startup-svn.vvond.net
startup-swe.vvond.net
startup-swz.vvond.net
startup-sxm.vvond.net
startup-syc.vvond.net
startup-syr.vvond.net
startup-tca.vvond.net
startup-tcd.vvond.net
startup-tgo.vvond.net
startup-tha.vvond.net
startup-tjk.vvond.net
startup-tkl.vvond.net
startup-tkm.vvond.net
startup-tls.vvond.net
startup-ton.vvond.net
startup-tto.vvond.net
startup-tun.vvond.net
startup-tur.vvond.net
startup-tuv.vvond.net
startup-twn.vvond.net
startup-tza.vvond.net
startup-uga.vvond.net
startup-ukr.vvond.net
startup-umi.vvond.net
startup-ury.vvond.net
startup-usa.vvond.net
startup-uzb.vvond.net
startup-vat.vvond.net
startup-vct.vvond.net
startup-ven.vvond.net
startup-vgb.vvond.net
startup-vir.vvond.net
startup-vnm.vvond.net
startup-vut.vvond.net
startup-wlf.vvond.net
startup-wsm.vvond.net
startup-yem.vvond.net
startup-zaf.vvond.net
startup-zmb.vvond.net
startup-zwe.vvond.net
vudu-api.hs.llnwd.net
startup-auto.vvond.net
vudu-2.vo.llnwd.net
images2.vudu.com
images.vudu.com
cs7.vudu.com
cs8.vudu.com
cs9.vudu.com
cs11.vudu.com
cs12.vudu.com
cs13.vudu.com
cs14.vudu.com
cs10.vudu.com
websocket-cs.vudu.com
startup-msr.vvond.net
httppolling-cs.vudu.com
ws.media.net.wwe.com
secure.net.wwe.com
www.wwe.com
api-app.espn.com
api.espn.com
broadband.espn.com
www.espn.go.com
espn.go.com
www.espn.com
affiliate.api.espn.com
fan.api.espn.com
w88.espn.com
artwork.api.espn.com
tredir.espn.com
watchproductapi.prod.geo.espn.com
watch.product.api.espn.com
secure.espncdn.com
plus.espn.com
secure.web.plus.espn.com
search-api.svcs.plus.espn.com
edge.bamgrid.com
cdn.unid.go.com
sportscenter.fan.api.espn.com
sportscenter.api.espn.com
appconfigs.web.plus.espn.com
playback.svcs.plus.espn.com
a.espncdn.com
bam-sdk-configs.bamgrid.com
bam.nr-data.net
watch.api.espn.com
watch.auth.api.espn.go.com
site.web.api.espn.com
secure.espn.com
r.espn.com
s.secure.espncdn.com
onefeed.fan.api.espn.com
watch.auth.api.espn.com
watch.graph.api.espn.com
sw88.go.com
sw88.espn.com
www.artwork.espncdn.com
nhlinteractivecybere.tt.omtrdc.net
www.usopen.org
usgageo.edgesuite.net
usopen2011-f.akamaihd.net
api.apptentive.com
video.pbs.org
www.pbs.org
urs.pbs.org
localization.services.pbs.org
player.pbs.org
api.spiritclips.com
player.ooyala.com
d0.tubitv.com
amolio.fubo.tv
api.viki.io
collector.viki.io
www.viki.com
www.willow.tv
appletv.willow.tv
mdallas1.willow.tv
eventlog.willow.tv
www.knowledge.ca
esi.ctv.ca
capi.9c9media.com
new.livestream.com
api.new.livestream.com
livestream.com
cdn.livestream.com
player-api.new.livestream.com
access.video.qq.com
cache.video.iqiyi.com
t7z.cupid.iqiyi.com
data.video.iqiyi.com
control-i.iqiyi.com
pcw-api.iqiyi.com
qiqu.iqiyi.com
msg.qy.net
api.channel4.com
www.channel4.com
amazonfire-p06.channel4.com
ios.channel4.com
goan.sky.com
www.sky.com
goio.sky.com
sgw.skyanywhere.com
uapi.staging.simplestream.com
epg.cdn.vision.bt.com
t.appsflyer.com
eu-west-1-api.svcs.eurosportplayer.com
global-api.svcs.eurosportplayer.com
secure.web.eurosportplayer.com
frontend-gateway.svcs.eurosportplayer.com
subscription.svcs.eurosportplayer.com
proxyservices.svcs.eurosportplayer.com
eu3-prod-direct.eurosportplayer.com
www.eurosport.com
auth.eurosport.co.uk
admin.brightcove.com
c.brightcove.com
geo.wilmaa.com
teleboy.customers.cdn.iptv.ch
wilmaa-jitp.customers.cdn.iptv.ch
streams.wilmaa.com
t.teleboy.ch
api.wilmaa.com
xml.fullepg.wilmaa.com
srg.live.ott.irdeto.com
prod-player.tf1.fr
mediainfo.tf1.fr
tv.nrk.no
tvapi.nrk.no
atv.nrk.no
psapi.nrk.no
nrk-live-no.telenorcdn.net
fargerik-psapi.nrk.no
isl.dr-massive.com
static.dr-massive.com
deliver.oztam.com.au
sportzsdk.hotstar.com
geoip.hotstar.com
hses1.akamaized.net
hses2.akamaized.net
zattoo.com
zapi.zattoo.com
zapi0001.zattoo.com
zapi0215.zattoo.com
zapi0088.zattoo.com
zapi0016.zattoo.com
zapi0106.zattoo.com
zapi0087.zattoo.com
live07.hotstar.com
live01.hotstar.com
live02.hotstar.com
live03.hotstar.com
live04.hotstar.com
live05.hotstar.com
live06.hotstar.com
live08.hotstar.com
live09.hotstar.com
live10.hotstar.com
hses4.akamaized.net
hses3.akamaized.net
hses4.hotstar.com
hses3.hotstar.com
hses2.hotstar.com
hses1.hotstar.com
hses5.hotstar.com
owner.roku.com
channels.roku.com
search.roku.com
www.roku.com
channelstore.roku.com
plugins.roku.com
plugins.qa.roku.com
amoeba.web.roku.com
austin.sw.roku.com
austin.sb.roku.com
captive.roku.com
configsvc.cs.roku.com
edge.roku-vod.top.comcast.net
my.roku.com
roku.globaltivi.com
therokuchannel.roku.com
vidmark-mdc.akamaized.net
track.sr.roku.com
content.sr.roku.com
c-ls.mgo-images.com
c-catalog.mgo-images.com
ls.cti.roku.com
lat-services.api.data.roku.com
scribe.logs.roku.com
rights-manager.sr.roku.com
gilbert.sb.roku.com
ravm.tv
os.fandango.com
authentication.mgo.com
apiweb.roku.com
vod.delivery.roku.com
prod.mobile.roku.com
prd-geolookup.mgo.com
amoeba-plus.web.roku.com
www.mgo.com
servicesfacade.mgo.com
prd-smoothstreaming.mgo.com
devicemedia.mgo.com
www.wdtvlive.com
res.boxee.tv
app.boxee.tv
dir.boxee.tv
0.ping.boxee.tv
1.ping.boxee.tv
2.ping.boxee.tv
3.ping.boxee.tv
4.ping.boxee.tv
5.ping.boxee.tv
6.ping.boxee.tv
7.ping.boxee.tv
8.ping.boxee.tv
9.ping.boxee.tv
www.logitech.com
mysqueezebox.com
www.mysqueezebox.com
mediaserver-sv5-rt-1.pandora.com
mediaserver-sv5-rt-1-v4v6.pandora.com
ce.pandora.com
mediaserver-cont-ch1-2-v4v6.pandora.com
mediaserver-cont-sv5-3-v4v6.pandora.com
internal-tuner.pandora.com
cont-1.p-cdn.com
cont-2.p-cdn.com
avs-alexa-na.amazon.com
android-tuner.pandora.com
pandora.com
pandoramedia-mkt-prod1-t.campaign.adobe.com
mediaserver-cont-usc-mp1-1-v4v6.pandora.com
web-cdn.pandora.com
s.hoplon.pandora.com
metadata.erabu.sony.tv
api.erabu.sony.tv
www.sony.net
www.amazon.com
www.amazon.de
www.amazon.co.uk
www.amazon.co.jp
na.api.amazonvideo.com
eu.api.amazonvideo.com
andr-785f3ec7eb-cbc62794911ff31b-a93c5fcf2ef7a8b7c6-950312.na.api.amazonvideo.com
andr-785f3ec7eb-cbc62794911ff31b-a93c5fcf2ef7a8b7c6-950312.fe.api.amazonvideo.com
www.amazon.in
primevideo.com
www.primevideo.com
atv-ps-eu.amazon.de
prime.amazon.com
andr-785f3ec7eb-cbc62794911ff31b-a93c5fcf2ef7a8b7c6-970805.eu.api.amazonvideo.com
xbox-one-du-10-0-15063-3054-3-3-34-6.api.amazonvideo.com
aviary.amazon.de
prod.amazoncrl.com
atv-ps-fe.amazon.co.jp
mas-sdk-eu.amazon.com
aax-eu.amazon-adsystem.com
api.us-east-1.aiv-delivery.net
ign-a2ehf10z0yhpek-1d0d2d6-1d0d2d6.api.amazonvideo.com
ags-ext.amazon.com
na.account.amazon.com
andr-22-AFTB-600612710.api.amazonvideo.com
mas-ssr.amazon.com
aviary.amazon.com
ktpx.amazon.com
mas-ext.amazon.com
dp-discovery-na-ext.amazon.com
msh.amazon.com
pitangui.amazon.com
primenow.amazon.com
services.amazon.com
kdp.amazon.com
coin.amazonpay.com
unagi-eu.amazon.com
atv-ps-fe.primevideo.com
amazonmmdeu-ic-7bf39f00-08f65a-pr.s.loris.llnwd.net
amazonmmd-eu-pr.hs.llnwd.net
det-ta-g7g.amazon.com
pinpoint.us-east-1.amazonaws.com
app.primevideo.com
fls-eu.amazon.in
eu.api.amazonvideo.in
frank-comp-na.amazon.com
ftvr-na.amazon.com
appstore-tv-prod-na.amazon.com
primevideo-dp-na.imdb.com
www.imdb.com
m.imdb.com
m.media-amazon.com
api.us-west-2.aiv-delivery.net
andr.na.ec.api.amazonvideo.com
dna.amazon.com
msh.amazon.co.uk
cognito-identity.us-east-1.amazonaws.com
ktpx-uk.amazon.com
a3jtvzs340-53cb997a-a047f305-e4f99133-13908f40.na.ec.api.amazonvideo.com
watch.amazon.com
andr-22-aftt-0.api.amazonvideo.com
antv-26-nvidia-shieldandroidtv-412000500.api.amazonvideo.com
andr-22-afts-0.api.amazonvideo.com
prime.amazon.eu
msh.amazon.co.jp
www.amazon.ca
fls-na.amazon.ca
wl.amazon-dss.com
andr.fe.ec.api.amazonvideo.com
q419aw9zfb4fa0.api.amazonvideo.com
api.imdbws.com
ios-app-config.media-imdb.com
firebat.api.amazonvideo.com
unagi.amazon.ca
unagi-fe.amazon.com
unagi.amazon.com
unagi.amazon.de
ipv6.unagi-na.amazon.com
remoteconfig-na.amazon.com
www.amazon.es
unagi.amazon.es
global.backend.imdbtv-services.amazon.dev
avpk-a3vn4e5f7bbc7s-1.na.api.amazonvideo.com
avpk-a3vn4e5f7bbc7s-1.api.amazonvideo.com
avpk-a3vn4e5f7bbc7s-1.fe.api.amazonvideo.com
www.amazon.fr
fls-eu.amazon.fr
unagi.amazon.fr
unagi.amazon.co.jp
fls-fe.amazon.com.au
unagi.amazon.com.au
open.spotify.com
spclient.wg.spotify.com
apresolve.spotify.com
mobile-ap.spotify.com
api2.iheart.com
us.api.iheart.com
au.api.iheart.com
nz.api.iheart.com
global.api.iheart.com
play.itunes.apple.com
play-edge.itunes.apple.com
tv.applemusic.com
linear.tv.apple.com
captive.apple.com
upp.itunes.apple.com
mediaservices.cdn-apple.com
pd.itunes.apple.com
apptrailers.itunes.apple.com
playerservices.streamtheworld.com
mobileroadie.com
14653.live.streamtheworld.com
9313.live.streamtheworld.com
14773.live.streamtheworld.com
9513.live.streamtheworld.com
14633.live.streamtheworld.com
10433.live.streamtheworld.com
9303.live.streamtheworld.com
1351.live.streamtheworld.com
8343.live.streamtheworld.com
9453.live.streamtheworld.com
13993.live.streamtheworld.com
14013.live.streamtheworld.com
14093.live.streamtheworld.com
14623.live.streamtheworld.com
15123.live.streamtheworld.com
15213.live.streamtheworld.com
15233.live.streamtheworld.com
15273.live.streamtheworld.com
13743.live.streamtheworld.com
14023.live.streamtheworld.com
14083.live.streamtheworld.com
15363.live.streamtheworld.com
17793.live.streamtheworld.com
14103.live.streamtheworld.com
13693.live.streamtheworld.com
18443.live.streamtheworld.com
17523.live.streamtheworld.com
tidalhifi.com
getlossless.com
go.tidalhifi.com
listen.tidalhifi.com
tidal.com
appletv.abcfamily.go.com
api.mobile.aws.abcf.seabc.go.com
api.watchabc.go.com
api.entitlement.watchabc.go.com
abc.go.com
api.utils.watchabc.go.com
appletv.abc.go.com
api.profile.abc.go.com
prod.gatekeeper.us-abc.symphony.edgedatg.go.com
api.telemetry.watchabc.go.com
api.pluto.watchabc.go.com
sw88.go.com
prod.gatekeeper.us-abc.symphony.edgedatg.com
unid.go.com
w88.go.com
api.eu-west-1.aiv-delivery.net
streams.adobeprimetime.com
cdn.video.abc.com
ios.unid.go.com
itsliveradio.apple.com
itsliveradiobackup.apple.com
music.163.com
m10.music.126.net
ipservice.163.com
m2.music.126.net
s1.music.126.net
p1.music.126.net
p2.music.126.net
p3.music.126.net
p4.music.126.net
p5.music.126.net
p6.music.126.net
p7.music.126.net
p8.music.126.net
p9.music.126.net
m1.music.126.net
m3.music.126.net
m4.music.126.net
m5.music.126.net
m6.music.126.net
m7.music.126.net
m8.music.126.net
m9.music.126.net
wanproxy.127.net
music.httpdns.c.163.com
dongfeng.alicdn.com
wanproxy-hz.127.net
wanproxy-bj.127.net
wanproxy-oversea.127.net
nstool.netease.com
gslb.live.126.net
interface.music.163.com
web.push.126.net
iadmat.nosdn.127.net
163music.azurewebsites.net
sitemap.163.com
ac.dun.163yun.com
help.163.com
crash.163.com
clientlog.music.163.com
only-770054-47-94-87-143.nstool.netease.com
mr.da.netease.com
mam.netease.com
rec.g.163.com
iad.g.163.com
wr.da.netease.com
s3.music.126.net
s4.music.126.net
s2.music.126.net
acstatic-dun.126.net
img3.126.net
sp0.baidu.com
only-634895-47-94-87-143.nstool.netease.com
web-api-us.crackle.com
roku-api-us.crackle.com
legacyweb-us.crackle.com
content-ause3.uplynk.com
images-us-az.crackle.com
content-ause4.uplynk.com
android-fire-tv-api-us.crackle.com
android-tv-api-us.crackle.com
api-v1-us.crackle.com
sonytv-api-us.crackle.com
ipad-api-us.crackle.com
www.sonycrackle.com
m.sonycrackle.com
roku-v2-api-us.crackle.com
crackleott.s3.amazonaws.com
www.xiami.com
spark.api.xiami.com
music.xiami.com
play.baidu.com
music.baidu.com
tingapi.ting.baidu.com
www.kkbox.com
ssl.kkbox.com
api-login.kkbox.com.tw
www.tbs.com
www.tntdrama.com
phds-live.cdn.turner.com
aspen.turner.com
token.vgtf.net
data.tbs.com
tve-vod.cdn.turner.com
tnteast-i.akamaihd.net
tntwest-i.akamaihd.net
tbseast-i.akamaihd.net
tbswest-i.akamaihd.net
apple-secure.cdn.turner.com
tve.cdn.turner.com
i.cdn.tntdrama.com
cvp1.cdn.turner.com
tbseastlive-i.akamaihd.net
tbswestlive-i.akamaihd.net
tnteastlive-i.akamaihd.net
tntwestlive-i.akamaihd.net
turnerlive.akamaized.net
z.cdn.turner.com
tve-vod-preview.cdn.turner.com
tbs-vh.akamaihd.net
tbs.com
tve-live-ctl.warnermediacdn.com
tve-live-aka.warnermediacdn.com
tve-vod-ctl.warnermediacdn.com
tve-vod-aka.warnermediacdn.com
adultswim-vodlive.cdn.turner.com
api.adultswim.com
identity.api.wmcdp.io
tve-ssai-aka.warnermediacdn.com
tvem.cdn.turner.com
www.tcm.com
www.hbogo.com
pdl.misc.lv3.hbogo.com
smooth.pro17.lv3.hbogo.com
hds.pro12.lv3.hbogo.com
smooth.misc.lv3.hbogo.com
atv.lv3.hbogo.com
hbogo.com
play.hbogo.com
secure.hbogo.com
snowball.api.hbo.com
concierge.api.hbo.com
activate.hbogo.com
smooth.misc.akm.hbogo.com
shop.hbo.com
www.hbostore.co.uk
aracahq.com
pdl.misc.akm.hbogo.com
livepassdl.conviva.com
watch.hbo.com
order.hbonow.com
smetrics.hbonow.com
hbobroadband.sc.omtrdc.net
devicecast.hbogo.com
activate.hbonow.com
device.hbonow.com
appletv-api.lv3.cdn.hbo.com
appletv.api.hbo.com
subscribe.hbonow.com
hbogeo.cust.footprint.net
geo.hbo.com
smooth.pro17.cf.cdn.hbogo.com
smooth.pro17.lln.cdn.hbogo.com
affiliatelogos.fly.cdn.hbogo.com
media.fly.cdn.hbomax.com
hbomax.com
help.hbonow.com
play.hbomax.com
help.hbomax.com
trickplay.pro42.fly.cdn.hbogo.com
dash.pro42.lln.cdn.hbogo.com
device.hbomax.com
artist.api.cdn.hbo.com
hbo.map.fastly.net
chromecast.cdn.hbogo.com
atv.api.akm.cdn.hbo.com
gateway.api.hbo.com
dynamic-content-frontdoor.api.hbo.com
sessions-us.api.hbo.com
commerce-experience-latam.api.hbo.com
markers-latam.api.hbo.com
dualstack.hbo.map.fastly.net
herald.caps.hbo.com
dgoauth.discovery.com
www.discoverygo.com
api.discovery.com
login.discovery.com
dscusvod-vh.akamaihd.net
uslivediscovery-lh.akamaihd.net
usliveapl-lh.akamaihd.net
uslivetlc-lh.akamaihd.net
usliveid-lh.akamaihd.net
uslivescience-lh.akamaihd.net
uslivevel-lh.akamaihd.net
usliveahc-lh.akamaihd.net
uslivedam-lh.akamaihd.net
usliveaplhls-i.akamaihd.net
uslivedschls-i.akamaihd.net
uslivetlchls-i.akamaihd.net
usliveidshls-i.akamaihd.net
www.discovery.com
go.discovery.com
media.mtvnservices.com
www.spike.com
intl.esperanto.mtvi.com
www.cc.com
mediautilsmrs-a.akamaihd.net
southpark.cc.com
media-utils.mtvnservices.com
api.comedycentral.com
api.cc.com
relaunch.api.mtv.com
mediamtvnserv-a.akamaihd.net
btg.mtvnservices.com
mtvi.com
www.mtvunderthethumb.com
mediautilssvcs-a.akamaihd.net
nick.com
nickjr.com
www.nick.com
www.nickjr.com
api.playplex.viacom.com
mediautilslive-a.akamaihd.net
neutron-api.viacom.tech
www.vh1.com
www.logotv.com
topaz.viacomcbs.digital
vidtech.cbsinteractive.com
paramount-network.orchestrator.viacomcbs-tech.com
topaz.dai.viacomcbs.digital
cc.orchestrator.viacomcbs-tech.com
tveauth.viacom.com
neutron-api.viacbs.tech
viafree-content.mtg-api.com
sparrow.intl.paramountplus.com
www.paramountnetwork.com
neutron-api.paramount.tech
www.cartoonnetwork.com
ht2.cdn.turner.com
token.vgtf.net
pmd.cdn.turner.com
phds-vod.cdn.turner.com
config.outturner.com
phls-live.cdn.turner.com
z.cdn.turner.com
cnnios-f.akamaihd.net
phls-vod.cdn.turner.com
cnngo-i.akamaihd.net
trueast-i.akamaihd.net
truwest-i.akamaihd.net
video-api.cartoonnetwork.com
d2c-vod.cdn.turner.com
www.trutv.com
z.static.cdn.trutv.com
i.static.cdn.trutv.com
api.platform.cnn.com
token.ngtv.io
www.cnn.com
www.filmstruck.com
devgeo.ngtv.io
ensighten.filmstruck.com
prod-iris.filmstruck.com
api.trutv.com
cerebro.api.cnn.io
www.boomerang.com
turnerlive.warnermediacdn.com
top.warnermediacdn.com
plus.cnn.com
live-media-ctl.warnermediacdn.com
live-media-aka.warnermediacdn.com
live-media-lln.warnermediacdn.com
vod-media-lln.warnermediacdn.com
vod-media-aka.warnermediacdn.com
vod-media-ctl.warnermediacdn.com
www.starzplay.com
starz.122.2o7.net
api.dmlib.com
playauthcontent.starz.com
playdata.starz.com
www.starz.com
tpr372228livesec-lh.akamaihd.net
video01-us.starz.com
auth-prod.starzaws.com
auth.starz.com
starz.penthera.com
www.vudu.com
origin.www.vudu.com
llavodhls.vudu.com
espni.go.com
tredir.go.com
broadband.espn.go.com
media.video-cdn.espn.com
services.prd1.contentdirect.tv
espn.go.com
espn.com
players.brightcove.net
proxy.espn.com
s.espncdn.com
pkg.video-cdn.espn.com
sportscenterfanapi.prod.geo.espn.com
cdn.registerdisney.go.com
hlsvod-l3c-clt1.media.plus.espn.com
hlslive-akc-clt2.media.plus.espn.com
hlslive-l3c-clt2.media.plus.espn.com
hlsvod-akc-clt1.media.plus.espn.com
hlslive-akc-clt1.media.plus.espn.com
hlslive-l3c-clt1.media.plus.espn.com
hlslive-l3c-med2.media.plus.espn.com
hlslive-l3c-med1.media.plus.espn.com
hlslive-akc-med2.media.plus.espn.com
hlslive-akc-med1.media.plus.espn.com
registerdisney.go.com
static.web.plus.espn.com
qa-static.web.plus.espn.com
cdn.espn.com
hlslive-llc-clt2.media.plus.espn.com
aeng.svcs.plus.espn.com
aserv-akc-us-east-1.media.plus.espn.com
prod-freewheel.espn.go.com
aserv-l3c-us-east-1.media.plus.espn.com
hlslive-l3c-oma2.media.plus.espn.com
www.broadband.espn.com
hlslive-akc-oma2.media.plus.espn.com
ak-hls-brs-espn1.espn.go.com
ak-hls-brs-espn2.espn.go.com
ak-hls-brs-espn3.espn.go.com
ak-hls-brs-espnu.espn.go.com
artwork.espncdn.com
vod-l3c-na.media.plus.espn.com
vod-llc-na.media.plus.espn.com
vod-akc-na.media.plus.espn.com
a2.espncdn.com
a1.espncdn.com
a3.espncdn.com
a4.espncdn.com
us.edge.bamgrid.com
watchespn.com
hlslive-llc-oma2.media.plus.espn.com
watch-cdn.product.api.espn.com
espnapp.geo.hosted.espn.com
affiliate.api.geo.hosted.espn.com
hlslive-ftc-clt2.media.plus.espn.com
watch.graph.api.geo.hosted.espn.com
espn.api.edge.bamgrid.com
live-ftc-na-east-2.media.plus.espn.com
live-ftc-na-central-1.media.plus.espn.com
live-ftc-na-central-2.media.plus.espn.com
live-ftc-na-west-1.media.plus.espn.com
live-ftc-na-west-2.media.plus.espn.com
live-ftc-na-east-1.media.plus.espn.com
live-akc-na-central-1.media.plus.espn.com
live-akc-na-west-1.media.plus.espn.com
live-akc-na-east-1.media.plus.espn.com
live-akc-na-west-2.media.plus.espn.com
live-akc-na-east-2.media.plus.espn.com
live-akc-na-central-2.media.plus.espn.com
live-l3c-na-east-1.media.plus.espn.com
live-l3c-na-west-1.media.plus.espn.com
live-l3c-na-central-1.media.plus.espn.com
live-l3c-na-east-2.media.plus.espn.com
live-l3c-na-west-2.media.plus.espn.com
live-l3c-na-central-2.media.plus.espn.com
aserv-akc-us-west-2.media.plus.espn.com
hlslive-ftc-oma2.media.plus.espn.com
dualstack.dss-espn.map.fastly.net
cdn1.espn.net
pinpoint.espn.com
aserv-ftc-us-east-1.media.plus.espn.com
aserv-ftc-us-west-2.media.plus.espn.com
aserv-l3c-us-west-2.media.plus.espn.com
gamecenter.nhl.com
www.nhl.com
nhl.com
secure.nhl.com
activation-rogers.svc.nhl.com
cd.web.nhl.com
user.svc.nhl.com
mf.svc.nhl.com
nhl.bamcontent.com
account.nhl.com
statsapi.web.nhl.com
gateway.web.nhl.com
activation-nhl.svc.nhl.com
secure.web.nhl.com
hermes-tokenservice.svc.nhl.com
aeng.svc.nhl.com
ch181.hls.att.com.edgesuite.net
cdn01.uverse.com
cdn02.uverse.com
cdn03.uverse.com
cdn04.uverse.com
cdn05.uverse.com
uverse.com
m.uverse.com
cprodx.att.net
cprodx.uverse.com
tdata-offers.att.com
uverse.quickplay.com
uverse-image.quickplay.com
labs.fyitelevision.com
www.crunchyroll.com
api.crunchyroll.com
beta-api.crunchyroll.com
beta.crunchyroll.com
live-cdn.pbskids.org
jaws.pbs.org
localization.digi-prod.pbs.org
wptddt.lls.cdn.pbs.org
station.services.pbs.org
jaws-prod.cdn.pbs.org
content.services.pbs.org
cdn.wwtv.warnerbros.com
media.cwtv.com
hlsioscwtv.warnerbros.com
cwtv-vod.mdialog.com
cwtv-origin.mdialog.com
cwtv-ad-akamai.cwtv.com
cwtv-hls-akamai.cwtv.com
cwtv-mrss-akamai.cwtv.com
cwsmooth-vod.hss.adaptive.level3.net
www.cwtv.com
cwtv-apple-vod.adaptive.level3.net
images.cwtv.com
secure.footprint.net
stream-hls.cwtv.com
cwtv-amd-akamai.akamaized.net
edge.cwtv-vod-ext.top.comcast.net
edge.cwtv-egress.top.comcast.net
www.cwseed.com
m.cwtv.com
6ab03b26.customer.core.one.accedo.tv
6ab03b26.bootstrap.core.one.accedo.tv
6ab03b26.customer.static.core.one.accedo.tv
api.skychnl.net
www.feeln.com
crowntrans-vh.akamaihd.net
crownmediaingest.akamaized.net
www.hallmarkchanneleverywhere.com
hallmarkcom.hb.omtrdc.net
hallmarkchannel.sc.omtrdc.net
crownstreaming.akamaized.net
authcrowntrans-vh.akamaihd.net
api2.hmnow.com
www.hmnow.com
playback.brightcovecdn.com
devices.carnivalmobile.com
097d0e9f.customer.core.one.accedo.tv
www.foxsoccer2go.com
www.foxsoccer-iphone.premiumtv.co.uk
www.foxsoccermatchpass.com
dvr-i-uefa-video-foxmp.akamaized.net
dvr-i-video-foxmp.akamaized.net
foxmp-prd.akamaized.net
livemain-i-video-foxmp.akamaized.net
livemain-i-uefa-video-foxmp.akamaized.net
foxus-dev-frontend.azurewebsites.net
tubitv.com
cdn.adrise.tv
cms.adrise.com
i.adrise.tv
uapi.adrise.tv
ott-firetv.tubitv.com
titan.adrise.tv
www.tubitv.com
ads.adrise.tv
s.adrise.tv
ott-androidtv.tubitv.com
ott-xboxone.tubitv.com
ott-sony.tubitv.com
gdpr.tubi.tv
ott-samsung.tubitv.com
canvas-bridge.tubitv.com
canvas-bridge02.tubitv.com
ott-firetv-hyb.tubitv.com
lb4.production-public.tubi.io
tensor.production-public.tubi.io
vod.fubotv.com.global.prod.fastly.net
api.fubo.tv
ak-cred-bein-us-en-stream.fubo.tv
fubotv_live1-i.akamaihd.net
ak-cred-bein-us-es-stream.fubo.tv
ak-cred-goltv-us-en-stream.fubo.tv
ak-cred-fubotv-us-en-stream.fubo.tv
fubotvuslive1-i.akamaihd.net
fuboptstream.global.ssl.fastly.net
fubotv.imgix.net
securehls.fubo.tv
fubo.auth0.com
playlist.fubo.tv
gcs-streams-prod.fubo.tv
player-config-prod.fubo.tv
blue-midas.fubo.tv
dvr.fubo.tv
playlist-nonlive.fubo.tv
licensing.bitmovin.com
www.fubo.tv
ws.peer5.com
uhd-streams.fubo.tv
force-upgrade.fubo.tv
playlist-central.fubo.tv
blob-service-fastly-west.fubo.tv
prod.fubo-tv.map.fastly.net
showtime-bmvn.fubo.tv
pr-keyos.licensekeyserver.com
4k-streams-prod.fubo.tv
www.foodnetwork.com
sni-vh.akamaihd.net
sni-i.akamaihd.net
foodnetwork-i.akamaihd.net
snihlsvod.scripps.com.edgesuite.net
web.api.video.snidigital.com
watch.foodnetwork.com
j.sni.global.fastly.net
us1-prod.disco-api.com
auth.watch.foodnetwork.com
subber.viki.com
skydvn-sn-cdhls-prod.skydvn.com
poc-content.mobile-tv.sky.com
skynewsamericas-sn-cdhls.ak-cdn.skydvn.com
skynews-sn-cdhls.ak-cdn.skydvn.com
skydvn-sn-mobile-prod.skydvn.com
news.sky.com
d301yv2uyy17su.cloudfront.net
linear101-gb-hls1-prd-ak.cdn.skycdp.com
linear102-gb-hls1-prd-ak.cdn.skycdp.com
linear103-gb-hls1-prd-ak.cdn.skycdp.com
linear104-gb-hls1-prd-ak.cdn.skycdp.com
linear105-gb-hls1-prd-ak.cdn.skycdp.com
linear106-gb-hls1-prd-ak.cdn.skycdp.com
linear107-gb-hls1-prd-ak.cdn.skycdp.com
linear108-gb-hls1-prd-ak.cdn.skycdp.com
linear109-gb-hls1-prd-ak.cdn.skycdp.com
linear110-gb-hls1-prd-ak.cdn.skycdp.com
linear111-gb-hls1-prd-ak.cdn.skycdp.com
linear112-gb-hls1-prd-ak.cdn.skycdp.com
linear113-gb-hls1-prd-ak.cdn.skycdp.com
linear114-gb-hls1-prd-ak.cdn.skycdp.com
linear115-gb-hls1-prd-ak.cdn.skycdp.com
linear116-gb-hls1-prd-ak.cdn.skycdp.com
linear117-gb-hls1-prd-ak.cdn.skycdp.com
linear118-gb-hls1-prd-ak.cdn.skycdp.com
linear119-gb-hls1-prd-ak.cdn.skycdp.com
linear120-gb-hls1-prd-ak.cdn.skycdp.com
linear100-gb-hls1-prd-ak.cdn.skycdp.com
linear001-gb-hls1-prd-ak.cdn.skycdp.com
linear002-gb-hls1-prd-ak.cdn.skycdp.com
linear003-gb-hls1-prd-ak.cdn.skycdp.com
linear004-gb-hls1-prd-ak.cdn.skycdp.com
linear005-gb-hls1-prd-ak.cdn.skycdp.com
linear006-gb-hls1-prd-ak.cdn.skycdp.com
linear007-gb-hls1-prd-ak.cdn.skycdp.com
linear008-gb-hls1-prd-ak.cdn.skycdp.com
linear009-gb-hls1-prd-ak.cdn.skycdp.com
linear010-gb-hls1-prd-ak.cdn.skycdp.com
linear011-gb-hls1-prd-ak.cdn.skycdp.com
linear012-gb-hls1-prd-ak.cdn.skycdp.com
linear013-gb-hls1-prd-ak.cdn.skycdp.com
linear014-gb-hls1-prd-ak.cdn.skycdp.com
linear015-gb-hls1-prd-ak.cdn.skycdp.com
linear016-gb-hls1-prd-ak.cdn.skycdp.com
linear017-gb-hls1-prd-ak.cdn.skycdp.com
linear018-gb-hls1-prd-ak.cdn.skycdp.com
linear019-gb-hls1-prd-ak.cdn.skycdp.com
linear020-gb-hls1-prd-ak.cdn.skycdp.com
linear021-gb-hls1-prd-ak.cdn.skycdp.com
linear022-gb-hls1-prd-ak.cdn.skycdp.com
linear023-gb-hls1-prd-ak.cdn.skycdp.com
linear024-gb-hls1-prd-ak.cdn.skycdp.com
linear025-gb-hls1-prd-ak.cdn.skycdp.com
linear026-gb-hls1-prd-ak.cdn.skycdp.com
linear027-gb-hls1-prd-ak.cdn.skycdp.com
linear028-gb-hls1-prd-ak.cdn.skycdp.com
linear029-gb-hls1-prd-ak.cdn.skycdp.com
linear030-gb-hls1-prd-ak.cdn.skycdp.com
linear031-gb-hls1-prd-ak.cdn.skycdp.com
linear032-gb-hls1-prd-ak.cdn.skycdp.com
linear033-gb-hls1-prd-ak.cdn.skycdp.com
linear034-gb-hls1-prd-ak.cdn.skycdp.com
linear035-gb-hls1-prd-ak.cdn.skycdp.com
linear036-gb-hls1-prd-ak.cdn.skycdp.com
linear037-gb-hls1-prd-ak.cdn.skycdp.com
linear038-gb-hls1-prd-ak.cdn.skycdp.com
linear039-gb-hls1-prd-ak.cdn.skycdp.com
linear040-gb-hls1-prd-ak.cdn.skycdp.com
linear041-gb-hls1-prd-ak.cdn.skycdp.com
linear042-gb-hls1-prd-ak.cdn.skycdp.com
linear043-gb-hls1-prd-ak.cdn.skycdp.com
linear044-gb-hls1-prd-ak.cdn.skycdp.com
linear045-gb-hls1-prd-ak.cdn.skycdp.com
linear046-gb-hls1-prd-ak.cdn.skycdp.com
linear047-gb-hls1-prd-ak.cdn.skycdp.com
linear048-gb-hls1-prd-ak.cdn.skycdp.com
linear049-gb-hls1-prd-ak.cdn.skycdp.com
linear050-gb-hls1-prd-ak.cdn.skycdp.com
linear051-gb-hls1-prd-ak.cdn.skycdp.com
linear052-gb-hls1-prd-ak.cdn.skycdp.com
linear053-gb-hls1-prd-ak.cdn.skycdp.com
linear054-gb-hls1-prd-ak.cdn.skycdp.com
linear055-gb-hls1-prd-ak.cdn.skycdp.com
linear056-gb-hls1-prd-ak.cdn.skycdp.com
linear057-gb-hls1-prd-ak.cdn.skycdp.com
linear058-gb-hls1-prd-ak.cdn.skycdp.com
linear059-gb-hls1-prd-ak.cdn.skycdp.com
linear060-gb-hls1-prd-ak.cdn.skycdp.com
linear061-gb-hls1-prd-ak.cdn.skycdp.com
linear062-gb-hls1-prd-ak.cdn.skycdp.com
linear063-gb-hls1-prd-ak.cdn.skycdp.com
linear064-gb-hls1-prd-ak.cdn.skycdp.com
linear065-gb-hls1-prd-ak.cdn.skycdp.com
linear066-gb-hls1-prd-ak.cdn.skycdp.com
linear067-gb-hls1-prd-ak.cdn.skycdp.com
linear068-gb-hls1-prd-ak.cdn.skycdp.com
linear069-gb-hls1-prd-ak.cdn.skycdp.com
linear070-gb-hls1-prd-ak.cdn.skycdp.com
linear071-gb-hls1-prd-ak.cdn.skycdp.com
linear072-gb-hls1-prd-ak.cdn.skycdp.com
linear073-gb-hls1-prd-ak.cdn.skycdp.com
linear074-gb-hls1-prd-ak.cdn.skycdp.com
linear075-gb-hls1-prd-ak.cdn.skycdp.com
linear076-gb-hls1-prd-ak.cdn.skycdp.com
linear077-gb-hls1-prd-ak.cdn.skycdp.com
linear078-gb-hls1-prd-ak.cdn.skycdp.com
linear079-gb-hls1-prd-ak.cdn.skycdp.com
linear080-gb-hls1-prd-ak.cdn.skycdp.com
linear081-gb-hls1-prd-ak.cdn.skycdp.com
linear082-gb-hls1-prd-ak.cdn.skycdp.com
linear083-gb-hls1-prd-ak.cdn.skycdp.com
linear084-gb-hls1-prd-ak.cdn.skycdp.com
linear085-gb-hls1-prd-ak.cdn.skycdp.com
linear086-gb-hls1-prd-ak.cdn.skycdp.com
linear087-gb-hls1-prd-ak.cdn.skycdp.com
linear088-gb-hls1-prd-ak.cdn.skycdp.com
linear089-gb-hls1-prd-ak.cdn.skycdp.com
linear090-gb-hls1-prd-ak.cdn.skycdp.com
linear091-gb-hls1-prd-ak.cdn.skycdp.com
linear092-gb-hls1-prd-ak.cdn.skycdp.com
linear093-gb-hls1-prd-ak.cdn.skycdp.com
linear094-gb-hls1-prd-ak.cdn.skycdp.com
linear095-gb-hls1-prd-ak.cdn.skycdp.com
linear096-gb-hls1-prd-ak.cdn.skycdp.com
linear097-gb-hls1-prd-ak.cdn.skycdp.com
linear098-gb-hls1-prd-ak.cdn.skycdp.com
linear099-gb-hls1-prd-ak.cdn.skycdp.com
d1bj4v5rjwvoka.cloudfront.net
willow.tv
willowfeedsv2.willow.tv
akamaifeed1.willow.tv
akamaifeed2.willow.tv
akamaifeed3.willow.tv
akamaifeed4.willow.tv
akamaifeed5.willow.tv
akamaifeed6.willow.tv
akamaifeed7.willow.tv
akamaifeed8.willow.tv
atvapp.willow.tv
atvappv2.willow.tv
ws.willow.tv
wlfeed2-lh.akamaihd.net
m.willow.tv
akvod160ws-vh.akamaihd.net
akvod177w-vh.akamaihd.net
willowlive-i.akamaihd.net
willowlive1-i.akamaihd.net
willowlive.akamaized.net
willowtv-tavod160w.pc.cdn.bitgravity.com
willowtv-tavod177w.pc.cdn.bitgravity.com
er.knowledge.ca
www.knowledgekids.ca
www.eonline.com
www.pptv.com
tools.aplusapi.pptv.com
web-play.pptv.com
web-play.pplive.cn
epg.api.pptv.com
play.api.pptv.com
live.tv.sohu.com
pad.tv.sohu.com
my.tv.sohu.com
access.tv.sohu.com
api.tv.sohu.com
m.tv.sohu.com
tv.sohu.com
changyan.sohu.com
hui.sohu.com
pv.sohu.com
m.aty.sohu.com
img.m.tv.sohu.com
hot.vrs.sohu.com
film.sohu.com
css.tv.itc.cn
js.tv.itc.cn
api.letv.com
hot.vrs.letv.com
live.gslb.letv.com
static.itv.letv.com
m.letv.com
dynamic.app.m.letv.com
dynamic.meizi.app.m.letv.com
dynamic.search.app.m.letv.com
dynamic.live.app.m.letv.com
dynamic.meizi.app.m.letvapp.net
api.mob.app.letv.com
www.letv.com
api.leletv.net
api.mod.app.leletv.net
api.mob.app.letv.net
swebp2p.leletv.net
dcvipall.leletv.net
ark.letv.com
dynamic.user.app.m.letv.com
api.lesports.com
u.api.lesports.com
s.plcloud.music.qq.com
i.y.qq.com
vv.video.qq.com
tt.video.qq.com
ice.video.qq.com
tjsa.video.qq.com
a10.video.qq.com
xyy.video.qq.com
vcq.video.qq.com
vsh.video.qq.com
vbj.video.qq.com
bobo.video.qq.com
flvs.video.qq.com
bkvv.video.qq.com
info.zb.qq.com
zb.s.qq.com
aid.video.qq.com
aidbak.video.qq.com
pay.video.qq.com
paybak.video.qq.com
3g.music.qq.com
mqqplayer.3g.qq.com
proxy.music.qq.com
proxymc.qq.com
sns.video.qq.com
film.qq.com
y.qq.com
music.qq.com
music.tc.qq.com
music.tcdn.qq.com
ssd.tc.qq.com
node.video.qq.com
tunnel.video.qq.com
vd.l.qq.com
data.video.qiyi.com
cache.video.qiyi.com
cache.vip.qiyi.com
cache.m.iqiyi.com
iplocation.geo.qiyi.com
imo.iqiyi.com
qosp.iqiyi.com
cook.ptqy.gitv.tv
bi.ptqy.gitv.tv
itv.video.ptqy.gitv.tv
pb.bi.gitv.tv
flux.hcdn.ptqy.gitv.tv
act.vip.ptqy.gitv.tv
policy.video.ptqy.gitv.tv
t7z.cupid.ptqy.gitv.tv
cache.video.ptqy.gitv.tv
kepler.ptqy.gitv.tv
puma-api.ptqy.gitv.tv
m.iqiyi.com
m.iqiyipic.com
static.iqiyi.com
security.iqiyi.com
pub.m.iqiyi.com
cook.iqiyi.com
api.vip.iqiyi.com
cmts.iqiyi.com
serv.vip.iqiyi.com
iqiyi.irs01.com
nl-rcd.iqiyi.com
tracker-sns.iqiyi.com
paopao.iqiyi.com
search.video.iqiyi.com
msgv6.qy.net
geo.js.kankan.xunlei.com
ip.kankan.xunlei.com
flwww.b-ch.com
bchvod-f.akamaihd.net
bngnwww.b-ch.com
ais.channel4.com
freesat.channel4.com
service.maxymiser.net
cdn.appdynamics.com
col.eum-appdynamics.com
ak.live.hds.c4assets.com
csm-e.cds1.yospace.com
ic.c4assets.com
webstat.channel4.com
4id.channel4.com
apps.channel4.com
pandr.my.channel4.com
4od.my.channel4.com
fonts.channel4.com
cdn.http.anno.channel4.com
cf.http.anno.channel4.com
monitor.channel4.com
channel4.com
roku-p06.channel4.com
samsung.channel4.com
c4appletv.2cnt.net
cdn.live.hls.c4assets.com
cast-p06.channel4.com
go.sky.com
pc-wmv-skygo.vod.sky.com
assets.mobile-tv.sky.com
io-skygo.vod.sky.com
live.skyanywhere.com
skydvn-go-mobile-prod.skydvn.com
p.sky.com
init.sky.com
content.ott.sky.com
sgwl.skyanywhere.com
epgservices.sky.com
sky.com
epgstatic.sky.com
skyandroid.2cnt.net
skysports4-go-hls.l3-cdn.skydvn.com
www.skystore.com
www.tvplayer.com
tvplayer.com
lapi.cdn.tvplayer.com
lapi.cdn.uk.tvplayer.com
sapi.tvplayer.com
api.prd.uk.tvplayer.com
ssapi.tvplayer.com
api.tvplayer.com
live.plus.tvplayer.com
tvos.tvplayer.com
assets.tvplayer.com
assets.storage.uk.tvplayer.com
assets.storage.uk.tvplayer.com.s3.amazonaws.com
checkip.amazonaws.com
license.theoplayer.com
essential.tvplayer.com
pro.ip-api.com
plus-secondary.tvplayer.com
vod.hds.plus.tvplayer.com
backend.dna-delivery.com
live.tvplayer.com
live.tvpvideo.net
simplestream.tvplayer.com
startups.ss7.tv.s3.amazonaws.com
v1-metadata.tvplayer-cdn.com
sport.bt.com
be.avs.bt.com
t1-btsport-live-hls-prod.akamaized.net
t2-btsport-live-hls-prod.akamaized.net
btsportsvod-vh.akamaihd.net
auth.sport.btcsp.co.uk
vodplay.sport.btcsp.co.uk
vod-bcdd-prod.bt.co.uk
assets.sport.bt.com
liveplay.sport.btcsp.co.uk
t2btsportlivehlsprod-im-6dcb7394-002020-btgrpvideo.s.loris.llnwd.net
event.vision.bt.com
epg.sport.bt.com
metadata.sport.bt.com
t2btsportlivehlsprod-im-4df77d58-002020-btgrpvideo.s.loris.llnwd.net
t1btsportlivehlsprod-im-4df77d58-002020-btgrpvideo.s.loris.llnwd.net
samlfed.bt.com
strongauth.secure.bt.com
t1live-im-4df77d00-bts1-euwe2.prd.us.ll.streams.sport.bt.com
t1live-im-4df77d00-bts2-euwe2.prd.us.ll.streams.sport.bt.com
se1-t2-btsport-vod-i-azams.akamaized.net
t1live-im-4df77d00-bts3-euwe2.prd.us.ll.streams.sport.bt.com
t1live-im-4df77d00-btsespn-euwe2.prd.us.ll.streams.sport.bt.com
t1live-im-4df77d00-boxnation-euwe2.prd.us.ll.streams.sport.bt.com
t1live-im-4df77d00-btse1-euwe2.prd.us.ll.streams.sport.bt.com
t1live-im-4df77d00-btse2-euwe2.prd.us.ll.streams.sport.bt.com
t1live-im-4df77d00-btse3-euwe2.prd.us.ll.streams.sport.bt.com
t1live-im-4df77d00-btse4-euwe2.prd.us.ll.streams.sport.bt.com
t1live-im-4df77d00-btse5-euwe2.prd.us.ll.streams.sport.bt.com
t1live-im-4df77d00-btse6-euwe2.prd.us.ll.streams.sport.bt.com
t1live-im-4df77d00-bts1-euwe1.prd.us.ll.streams.sport.bt.com
t1live-im-4df77d00-bts2-euwe1.prd.us.ll.streams.sport.bt.com
t1live-im-4df77d00-bts3-euwe1.prd.us.ll.streams.sport.bt.com
t1live-im-4df77d00-btsespn-euwe.prd.us.ll.streams.sport.bt.com
t1live-im-4df77d00-boxnation-euwe1.prd.us.ll.streams.sport.bt.com
t1live-im-4df77d00-btse1-euwe1.prd.us.ll.streams.sport.bt.com
t1live-im-4df77d00-btse2-euwe1.prd.us.ll.streams.sport.bt.com
t1live-im-4df77d00-btse3-euwe1.prd.us.ll.streams.sport.bt.com
t1live-im-4df77d00-btse4-euwe1.prd.us.ll.streams.sport.bt.com
t1live-im-4df77d00-btse5-euwe1.prd.us.ll.streams.sport.bt.com
t1live-im-4df77d00-btse6-euwe1.prd.us.ll.streams.sport.bt.com
t1live-im-4df77d00-btsespn-euwe1.prd.us.ll.streams.sport.bt.com
www.eurosportplayer.de
www.eurosportplayer.com
www.eurosportplayer.co.uk
videoshop.ext.ws.eurosport.com
www.eurosportplayer.pl
www.eurosportplayer.se
www.eurosportplayer.nl
www.eurosportplayer.no
www.eurosportplayer.ro
ru.eurosportplayer.com
no.eurosportplayer.com
pl.eurosportplayer.com
nl.eurosportplayer.com
ro.eurosportplayer.com
uk.eurosportplayer.com
se.eurosportplayer.com
eurosport-live-poland.akamaized.net
de.eurosportplayer.com
eurosport-live-germany.akamaized.net
videoshop-partners.eurosportplayer.com
crm-partners.eurosportplayer.com
asia.eurosport.com
gb.eurosportplayer.com
cz.eurosportplayer.com
search-api.svcs.eurosportplayer.com
global-api.svcs.eurosportplayer.com
hu.eurosportplayer.com
hlsevent-aksc.ams1.media.eurosportplayer.com
hlslinear-aksc.ams1.media.eurosportplayer.com
cpe-prod.eurosportstatic.com
bam-sdk-configs.mlbam.net
api.permutive.com
hermes-tokenservice.svcs.eurosportplayer.com
cdn.permutive.com
hlslinear-l3c.ams1.media.eurosportplayer.com
eu.edge.bamgrid.com
www.eurosportstatic.com
eurosport-dlvr-ott.akamaized.net
eu3-prod.disco-api.com
iphone.eurosport.com
netsport.eurosport.io
eu3-prod-direct.eurosport.co.uk
eurosport-dlvr-ott-vod.akamaized.net
web-api.eurosport.com
www.eurosport.co.uk
ssa.eurosportplayer.com
auth.eurosportplayer.com
fire.player.stv.tv
api.stv.tv
player.stv.tv
uk-dev-stv.videoplaza.tv
http.player-cdn.stv.tv
player.api.stv.tv
stv-ak.cds1.yospace.com
hlsscottishtv-a.akamaihd.net
ssp.videoplaza.tv
freesat.player.stv.tv
files.stv.tv
files.prod.stv.tv
edge.api.brightcove.com
stv1yospace-a.akamaihd.net
stv2yospace-a.akamaihd.net
bcboltstv-a.akamaihd.net
stv1yospaceint-a.akamaihd.net
www.tv3.ie
ak.tv3.ooyala.com
www.virginmediatelevision.ie
virginmediatelevision.ie
www.zattoo.com
iphone.zattoo.com
watch.wilmaa.com
www.wilmaa.com
data.wilmaa.com
tele-vh.akamaihd.net
c001.p100.edgesuite.net
c001.p101.edgesuite.net
c001.p102.edgesuite.net
c001.p103.edgesuite.net
c001.p104.edgesuite.net
c001.p105.edgesuite.net
c001.p106.edgesuite.net
c001.p107.edgesuite.net
c001.p108.edgesuite.net
c001.p109.edgesuite.net
c001.p110.edgesuite.net
c001.p111.edgesuite.net
c001.p112.edgesuite.net
c001.p113.edgesuite.net
c001.p114.edgesuite.net
c001.p115.edgesuite.net
c001.p116.edgesuite.net
c001.p117.edgesuite.net
c001.p118.edgesuite.net
c001.p119.edgesuite.net
c001.p120.edgesuite.net
c001.p121.edgesuite.net
c001.p122.edgesuite.net
c001.p123.edgesuite.net
c001.p124.edgesuite.net
c001.p125.edgesuite.net
movies.wilmaa.com
zba2-0-hds-live.zahs.tv
zba1-0-hds-live.zahs.tv
zba2-1-hds-live.zahs.tv
zba2-1-hls-live.zahs.tv
zba1-1-hls-live.zahs.tv
zba1-0-hls-live.zahs.tv
zba2-1-hds-pvr.zahs.tv
zba1-1-hds-pvr.zahs.tv
zba2-0-hds-pvr.zahs.tv
zba1-0-hds-pvr.zahs.tv
zba1-1-hls-pvr.zahs.tv
zba2-0-hls-pvr.zahs.tv
zba2-0-ss-live.zahs.tv
zba2-1-ss-live.zahs.tv
zba1-0-ss-live.zahs.tv
zba1-1-ss-live.zahs.tv
zba2-0-hls-live.zahs.tv
zba1-1-dash-live.zahs.tv
zba2-1-dash-live.zahs.tv
zba1-1-hds-live.zahs.tv
zba2-1-ss-vod.zahs.tv
zba1-1-ss-vod.zahs.tv
zba2-0-ss-vod.zahs.tv
zba2-1-ss-pvr.zahs.tv
zba2-0-ss-pvr.zahs.tv
zba1-1-ss-pvr.zahs.tv
zba1-0-ss-pvr.zahs.tv
zba2-0-dash-live.zahs.tv
zba1-0-dash-live.zahs.tv
zba2-0-hls5-live.zahs.tv
zba1-0-hls5-live.zahs.tv
zba2-1-hls5-live.zahs.tv
zba1-1-hls5-live.zahs.tv
1und1-fra1902-1-ss-live.zahs.tv
1und1-fra1902-2-ss-live.zahs.tv
blue.ch
tv.blue.ch
*.blue.ch
services.sg101.prd.sctv.ch
tvhosa-pez0315.sctv.ch
sctv.ch
*.sctv.ch
zba2-1-hls5-pvr.zahs.tv
zba1-1-hls5-pvr.zahs.tv
zba2-0-hls5-pvr.zahs.tv
zba1-0-hls5-pvr.zahs.tv
zba2-0-hls5enc-vod.zahs.tv
zba2-1-hls5enc-vod.zahs.tv
zba1-0-hls5enc-vod.zahs.tv
zba1-1-hls5enc-vod.zahs.tv
teleboy.wemfbox.ch
c005.p100.edgesuite.net
c005.p101.edgesuite.net
c005.p102.edgesuite.net
c005.p103.edgesuite.net
c005.p104.edgesuite.net
c005.p105.edgesuite.net
c005.p106.edgesuite.net
c005.p107.edgesuite.net
c005.p108.edgesuite.net
c005.p109.edgesuite.net
c005.p110.edgesuite.net
c005.p111.edgesuite.net
c005.p112.edgesuite.net
c005.p113.edgesuite.net
c005.p114.edgesuite.net
c005.p115.edgesuite.net
c005.p116.edgesuite.net
c005.p117.edgesuite.net
c005.p118.edgesuite.net
c005.p119.edgesuite.net
c005.p120.edgesuite.net
c005.p121.edgesuite.net
c005.p122.edgesuite.net
c005.p123.edgesuite.net
c005.p124.edgesuite.net
c005.p125.edgesuite.net
zba2-3-hls5-live.zahs.tv
zba1-3-hls5-live.zahs.tv
zba2-2-hls5-live.zahs.tv
zba1-2-hls5-live.zahs.tv
zba2-3-hls-live.zahs.tv
zba1-3-hls-live.zahs.tv
zba2-2-hls-live.zahs.tv
zba1-2-hls-live.zahs.tv
zba2-0-hls5-vod.zahs.tv
zba1-0-hls5-vod.zahs.tv
zba1-2-hls5-vod.zahs.tv
zba2-2-hls5-vod.zahs.tv
zba1-3-hls5-vod.zahs.tv
zba2-3-hls5-vod.zahs.tv
zba2-3-hds-live.zahs.tv
zba1-3-hds-live.zahs.tv
zba2-2-hds-live.zahs.tv
zba1-2-hds-live.zahs.tv
zba1-0-hds-vod.zahs.tv
zba1-1-hds-vod.zahs.tv
zba1-2-hds-vod.zahs.tv
zba1-3-hds-vod.zahs.tv
zba2-0-hds-vod.zahs.tv
zba2-1-hds-vod.zahs.tv
zba2-2-hds-vod.zahs.tv
zba2-3-hds-vod.zahs.tv
zba2-3-hls5-pvr.zahs.tv
zba1-3-hls5-pvr.zahs.tv
zba1-0-dash-vod.zahs.tv
zba1-1-dash-vod.zahs.tv
zba1-2-dash-vod.zahs.tv
zba1-3-dash-vod.zahs.tv
zba2-0-dash-vod.zahs.tv
zba2-1-dash-vod.zahs.tv
zba2-2-dash-vod.zahs.tv
zba2-3-dash-vod.zahs.tv
zba1-1-dash-pvr.zahs.tv
zba1-0-dash-pvr.zahs.tv
zba1-2-dash-pvr.zahs.tv
zba1-3-dash-pvr.zahs.tv
zba2-0-dash-pvr.zahs.tv
zba2-1-dash-pvr.zahs.tv
zba2-2-dash-pvr.zahs.tv
zba2-3-dash-pvr.zahs.tv
zba2-2-dash-live.zahs.tv
zba2-3-dash-live.zahs.tv
zba1-2-dash-live.zahs.tv
zba1-3-dash-live.zahs.tv
zba1-2-hds-pvr.zahs.tv
zba1-3-hds-pvr.zahs.tv
zba2-2-hds-pvr.zahs.tv
zba2-3-hds-pvr.zahs.tv
zba2-1-hls-pvr.zahs.tv
zba2-2-hls-pvr.zahs.tv
zba2-3-hls-pvr.zahs.tv
zba1-2-hls-pvr.zahs.tv
zba1-3-hls-pvr.zahs.tv
zh2-4-hds-live.zahs.tv
zh2-3-hds-live.zahs.tv
zh2-2-hds-live.zahs.tv
zh2-1-hds-live.zahs.tv
zh2-4-hls-live.zahs.tv
zh2-3-hls-live.zahs.tv
zh2-2-hls-live.zahs.tv
zh2-1-hls-live.zahs.tv
zh2-4-hds-pvr.zahs.tv
zh2-3-hds-pvr.zahs.tv
zh2-2-hds-pvr.zahs.tv
zh2-1-hds-pvr.zahs.tv
zh2-0-hds-pvr.zahs.tv
zh2-4-hds-vod.zahs.tv
zh2-3-hds-vod.zahs.tv
zh2-2-hds-vod.zahs.tv
zh2-1-hds-vod.zahs.tv
zh2-0-hds-vod.zahs.tv
zh2-4-hls5-live.zahs.tv
zh2-3-hls5-live.zahs.tv
zh2-2-hls5-live.zahs.tv
zh2-1-hls5-live.zahs.tv
zh2-0-hls5-live.zahs.tv
zh2-4-hls5-pvr.zahs.tv
zh2-3-hls5-pvr.zahs.tv
zh2-2-hls5-pvr.zahs.tv
zh2-1-hls5-pvr.zahs.tv
zh2-0-hls5-pvr.zahs.tv
zh2-4-hls5enc-vod.zahs.tv
zh2-3-hls5enc-vod.zahs.tv
zh2-2-hls5enc-vod.zahs.tv
zh2-1-hls5enc-vod.zahs.tv
zh2-0-hls5enc-vod.zahs.tv
zh2-0-hls-live.zahs.tv
zh2-4-hls-vod.zahs.tv
zh2-3-hls-vod.zahs.tv
zh2-2-hls-vod.zahs.tv
zh2-1-hls-vod.zahs.tv
zh2-0-hls-vod.zahs.tv
zh2-4-dash-live.zahs.tv
zh2-3-dash-live.zahs.tv
zh2-2-dash-live.zahs.tv
zh2-1-dash-live.zahs.tv
zh2-0-dash-live.zahs.tv
zh2-3-dash-pvr.zahs.tv
zh2-2-dash-pvr.zahs.tv
zh2-1-dash-pvr.zahs.tv
zh2-0-dash-pvr.zahs.tv
zh2-4-dash-vod.zahs.tv
zh2-3-dash-vod.zahs.tv
zh2-2-dash-vod.zahs.tv
zh2-1-dash-vod.zahs.tv
zh2-0-dash-vod.zahs.tv
zh2-0-hls-pvr.zahs.tv
zh2-1-hls-pvr.zahs.tv
zh2-2-hls-pvr.zahs.tv
zh2-3-hls-pvr.zahs.tv
zh2-4-hls-pvr.zahs.tv
c005.p126.edgesuite.net
c005.p127.edgesuite.net
c005.p128.edgesuite.net
c005.p129.edgesuite.net
c005.p130.edgesuite.net
c005.p131.edgesuite.net
c005.p132.edgesuite.net
c005.p133.edgesuite.net
zattoo-hls5-live.akamaized.net
zattoo-hls-live.akamaized.net
zh2-5-hls-pvr.zahs.tv
zh2-6-hls-pvr.zahs.tv
zh2-5-dash-vod.zahs.tv
zh2-6-dash-vod.zahs.tv
zh2-5-dash-pvr.zahs.tv
zh2-5-dash-live.zahs.tv
zh2-6-dash-live.zahs.tv
zh2-5-hls-vod.zahs.tv
zh2-6-hls-vod.zahs.tv
zh2-5-hls-live.zahs.tv
zh2-6-hls-live.zahs.tv
zh2-5-hds-live.zahs.tv
zh2-6-hds-live.zahs.tv
zattoo-hds-live.akamaized.net
zh2-5-hls5-live.zahs.tv
zh2-6-hls5-live.zahs.tv
zh2-6-ss-vod.zahs.tv
zh2-5-ss-vod.zahs.tv
zh2-4-ss-vod.zahs.tv
zh2-3-ss-vod.zahs.tv
zh2-2-ss-vod.zahs.tv
zh2-1-ss-vod.zahs.tv
zh2-0-ss-vod.zahs.tv
zh2-6-ss-pvr.zahs.tv
zh2-5-ss-pvr.zahs.tv
zh2-4-ss-pvr.zahs.tv
zh2-3-ss-pvr.zahs.tv
zh2-2-ss-pvr.zahs.tv
zh2-1-ss-pvr.zahs.tv
zh2-0-ss-pvr.zahs.tv
zh2-0-sspr-pvr.zahs.tv
zh2-1-sspr-pvr.zahs.tv
zh2-2-sspr-pvr.zahs.tv
zh2-3-sspr-pvr.zahs.tv
zh2-4-sspr-pvr.zahs.tv
zh2-5-sspr-pvr.zahs.tv
zh2-6-sspr-pvr.zahs.tv
zh2-0-sspr-live.zahs.tv
zh2-1-sspr-live.zahs.tv
zh2-2-sspr-live.zahs.tv
zh2-3-sspr-live.zahs.tv
zh2-4-sspr-live.zahs.tv
zh2-5-sspr-live.zahs.tv
zh2-6-sspr-live.zahs.tv
zba1-0-sspr-pvr.zahs.tv
zba1-1-sspr-pvr.zahs.tv
zba1-2-sspr-pvr.zahs.tv
zba1-3-sspr-pvr.zahs.tv
zba2-0-sspr-pvr.zahs.tv
zba2-1-sspr-pvr.zahs.tv
zba2-2-sspr-pvr.zahs.tv
zba2-3-sspr-pvr.zahs.tv
zba1-0-sspr-live.zahs.tv
zba1-1-sspr-live.zahs.tv
zba1-2-sspr-live.zahs.tv
zba1-3-sspr-live.zahs.tv
zba2-0-sspr-live.zahs.tv
zba2-1-sspr-live.zahs.tv
zba2-2-sspr-live.zahs.tv
zba2-3-sspr-live.zahs.tv
zh2-5-hds-pvr.zahs.tv
download.zattoo.com
logos.zattic.com
wilmaa.customers.cdn.iptv.ch
zh2-6-hls5enc-vod.zahs.tv
zh2-5-hls5enc-vod.zahs.tv
zh2-4-hls5-vod.zahs.tv
zh2-5-hls5-vod.zahs.tv
zh2-6-hls5-vod.zahs.tv
zh2-1-hls5-vod.zahs.tv
zh2-2-hls5-vod.zahs.tv
zh2-3-hls5-vod.zahs.tv
zh2-0-sspr-vod.zahs.tv
zh2-1-sspr-vod.zahs.tv
zh2-2-sspr-vod.zahs.tv
zh2-3-sspr-vod.zahs.tv
zh2-4-sspr-vod.zahs.tv
zh2-5-sspr-vod.zahs.tv
zh2-6-sspr-vod.zahs.tv
zh2-0-hls5-vod.zahs.tv
zattoo.wemfbox.ch
wilmaatv-144447995.eu-west-1.elb.amazonaws.com
hlsbroker.api.iptv.ch
multiscreencache.tvbackbone.com
zh2-8-hls5-live.zahs.tv
zh2-7-hls5-live.zahs.tv
zh2-7-hls5-vod.zahs.tv
zh2-8-hls5-vod.zahs.tv
zh2-7-sspr-vod.zahs.tv
zh2-8-sspr-vod.zahs.tv
zh2-6-hds-pvr.zahs.tv
zh2-7-hds-pvr.zahs.tv
zh2-8-hds-pvr.zahs.tv
zh2-7-hls-live.zahs.tv
zh2-8-hls-live.zahs.tv
zh2-7-dash-live.zahs.tv
zh2-8-dash-live.zahs.tv
zh2-6-hls5-pvr.zahs.tv
zh2-7-hls5-pvr.zahs.tv
zh2-8-hls5-pvr.zahs.tv
zba1-2-ss-pvr.zahs.tv
zba2-2-ss-pvr.zahs.tv
zpush.zattoo.com
zba1-3-ss-pvr.zahs.tv
zba2-3-ss-pvr.zahs.tv
zh2-7-ss-pvr.zahs.tv
zh2-8-ss-pvr.zahs.tv
zba1-0-sspr-vod.zahs.tv
zba1-1-sspr-vod.zahs.tv
zba1-2-sspr-vod.zahs.tv
zba2-0-sspr-vod.zahs.tv
zba2-1-sspr-vod.zahs.tv
zba2-2-sspr-vod.zahs.tv
zba1-2-hls5enc-vod.zahs.tv
zba1-3-hls5enc-vod.zahs.tv
zba2-2-hls5enc-vod.zahs.tv
zba2-3-hls5enc-vod.zahs.tv
zh2-0-ss-live.zahs.tv
zh2-1-ss-live.zahs.tv
zh2-2-ss-live.zahs.tv
zh2-3-ss-live.zahs.tv
zh2-4-ss-live.zahs.tv
zh2-5-ss-live.zahs.tv
zh2-6-ss-live.zahs.tv
zh2-7-ss-live.zahs.tv
zba1-2-ss-live.zahs.tv
zba1-3-ss-live.zahs.tv
zba2-2-ss-live.zahs.tv
zba2-3-ss-live.zahs.tv
zba1-2-hls5-pvr.zahs.tv
zba2-2-hls5-pvr.zahs.tv
zh2-6-dash-pvr.zahs.tv
zh2-7-dash-pvr.zahs.tv
zh2-8-dash-pvr.zahs.tv
zh2-8-ss-live.zahs.tv
s1019-1-137.cdn.iptv.ch
s1042-0-136.cdn.iptv.ch
s1042-1-137.cdn.iptv.ch
s1019-0-136.cdn.iptv.ch
s1016-1-137.cdn.iptv.ch
zba2-0-hls5enc-live.zahs.tv
zba2-1-hls5enc-live.zahs.tv
zba2-2-hls5enc-live.zahs.tv
zba2-3-hls5enc-live.zahs.tv
s1018-1-137.cdn.iptv.ch
s1018-0-136.cdn.iptv.ch
s1016-0-136.cdn.iptv.ch
s1020-0-136.cdn.iptv.ch
s1020-1-137.cdn.iptv.ch
s1021-1-137.cdn.iptv.ch
s1041-1-137.cdn.iptv.ch
s1021-0-136.cdn.iptv.ch
s1041-0-136.cdn.iptv.ch
app.wilmaa.com
*.wilmaa.com
*.zahs.tv
*.zattoo.com
fr5-1-dash-live.zahs.tv
fr5-2-dash-live.zahs.tv
fr5-3-dash-live.zahs.tv
fr5-4-dash-live.zahs.tv
fr5-5-dash-live.zahs.tv
resources.wilmaa.com
wilmaa.wemfbox.ch
s1017-1-137.cdn.iptv.ch
s1017-0-136.cdn.iptv.ch
zh2-5-hls5-pvr.zahs.tv
zh2-0-dashenc-vod.zahs.tv
zh2-1-dashenc-vod.zahs.tv
zh2-2-dashenc-vod.zahs.tv
zh2-3-dashenc-vod.zahs.tv
zh2-4-dashenc-vod.zahs.tv
zh2-5-dashenc-vod.zahs.tv
media.service.teleboy.ch
fr5-1-hls5-live.zahs.tv
fr5-2-hls5-live.zahs.tv
fr5-3-hls5-live.zahs.tv
fr5-4-hls5-live.zahs.tv
fr5-5-hls5-live.zahs.tv
s1013-0-136.cdn.iptv.ch
s1013-1-137.cdn.iptv.ch
oldpvr1-hls5-pvr.zahs.tv
oldpvr2-hls5-pvr.zahs.tv
oldpvr3-hls5-pvr.zahs.tv
oldpvr4-hls5-pvr.zahs.tv
oldpvr1-dash-pvr.zahs.tv
oldpvr2-dash-pvr.zahs.tv
oldpvr3-dash-pvr.zahs.tv
oldpvr4-dash-pvr.zahs.tv
beta.zattoo.com
fra3-0-ss-live.zahs.tv
fra3-1-ss-live.zahs.tv
fra3-2-ss-live.zahs.tv
zba6-1-dash-live.zahs.tv
zba6-2-dash-live.zahs.tv
zba6-1-ss-live.zahs.tv
zba6-2-ss-live.zahs.tv
zh2-5-hls7-pvr.zahs.tv
zh2-3-hls7-pvr.zahs.tv
zh2-0-hls7-pvr.zahs.tv
zh2-1-hls7-pvr.zahs.tv
zh2-2-hls7-pvr.zahs.tv
zh2-4-hls7-pvr.zahs.tv
zh2-6-hls7-pvr.zahs.tv
zh2-7-hls7-pvr.zahs.tv
zh2-0-hls7-live.zahs.tv
zh2-1-hls7-live.zahs.tv
zh2-2-hls7-live.zahs.tv
zh2-3-hls7-live.zahs.tv
zh2-4-hls7-live.zahs.tv
zh2-5-hls7-live.zahs.tv
zh2-6-hls7-live.zahs.tv
zh2-7-hls7-live.zahs.tv
oldpvr1-hls7-pvr.zahs.tv
oldpvr2-hls7-pvr.zahs.tv
oldpvr3-hls7-pvr.zahs.tv
oldpvr4-hls7-pvr.zahs.tv
zattoo-dash-live.akamaized.net
oldpvr1-ss-pvr.zahs.tv
oldpvr2-ss-pvr.zahs.tv
oldpvr3-ss-pvr.zahs.tv
oldpvr4-ss-pvr.zahs.tv
tv.api.teleboy.ch
zattoo-ss-live.akamaized.net
fra3-1-ss-pvr.zahs.tv
fra3-0-ss-pvr.zahs.tv
fra3-2-ss-pvr.zahs.tv
fra3-3-ss-pvr.zahs.tv
zh2-9-hls5-live.zahs.tv
zh2-9-hls5-pvr.zahs.tv
zba6-0-hls5-live.zahs.tv
zba6-1-hls5-live.zahs.tv
zba6-2-hls5-live.zahs.tv
zba6-0-hls5-pvr.zahs.tv
zba6-1-hls5-pvr.zahs.tv
zba6-2-hls5-pvr.zahs.tv
zba6-0-dash-pvr.zahs.tv
zba6-1-dash-pvr.zahs.tv
zba6-2-dash-pvr.zahs.tv
fra3-0-dash-pvr.zahs.tv
fra3-1-dash-pvr.zahs.tv
fra3-2-dash-pvr.zahs.tv
fra3-3-dash-pvr.zahs.tv
zba6-0-dash-live.zahs.tv
fra3-0-dash-live.zahs.tv
fra3-1-dash-live.zahs.tv
fra3-2-dash-live.zahs.tv
fra3-3-dash-live.zahs.tv
zba8-0-dash-live.zahs.tv
zba8-1-dash-live.zahs.tv
zba8-2-dash-live.zahs.tv
zba8-0-dash-pvr.zahs.tv
zba8-1-dash-pvr.zahs.tv
zba8-2-dash-pvr.zahs.tv
zh2-9-dash-live.zahs.tv
zh2-9-dash-pvr.zahs.tv
zh2-6-dashenc-vod.zahs.tv
zh2-7-dashenc-vod.zahs.tv
zh2-8-dashenc-vod.zahs.tv
zh2-9-dashenc-vod.zahs.tv
zh2-6-dashenc-live.zahs.tv
zh2-7-dashenc-live.zahs.tv
zh2-8-dashenc-live.zahs.tv
zh2-1-dashenc-live.zahs.tv
zh2-2-dashenc-live.zahs.tv
zh2-3-dashenc-live.zahs.tv
zh2-4-dashenc-live.zahs.tv
zh2-5-dashenc-live.zahs.tv
zh2-1-dashenc-pvr.zahs.tv
zh2-2-dashenc-pvr.zahs.tv
zh2-3-dashenc-pvr.zahs.tv
zh2-4-dashenc-pvr.zahs.tv
zh2-5-dashenc-pvr.zahs.tv
zh2-6-dashenc-pvr.zahs.tv
zh2-7-dashenc-pvr.zahs.tv
zh2-8-dashenc-pvr.zahs.tv
zh2-9-dashenc-pvr.zahs.tv
fr5-1-dashenc-vod.zahs.tv
fr5-2-dashenc-vod.zahs.tv
fr5-3-dashenc-vod.zahs.tv
fr5-4-dashenc-vod.zahs.tv
fr5-5-dashenc-vod.zahs.tv
fr5-1-dashenc-live.zahs.tv
fr5-2-dashenc-live.zahs.tv
fr5-3-dashenc-live.zahs.tv
fr5-4-dashenc-live.zahs.tv
fr5-5-dashenc-live.zahs.tv
zba6-0-dashenc-vod.zahs.tv
zba6-1-dashenc-vod.zahs.tv
zba6-2-dashenc-vod.zahs.tv
zba6-0-dashenc-live.zahs.tv
zba6-1-dashenc-live.zahs.tv
zba6-2-dashenc-live.zahs.tv
fr5-0-dashenc-live.zahs.tv
fr5-0-dashenc-vod.zahs.tv
zh2-0-dashenc-pvr.zahs.tv
zh2-0-dashenc-live.zahs.tv
fra3-0-hls7-live.zahs.tv
fra3-1-hls7-live.zahs.tv
fra3-2-hls7-live.zahs.tv
fra3-3-hls7-live.zahs.tv
fra3-0-hls7-pvr.zahs.tv
fra3-1-hls7-pvr.zahs.tv
fra3-2-hls7-pvr.zahs.tv
fra3-3-hls7-pvr.zahs.tv
fra3-0-hls7-vod.zahs.tv
fra3-1-hls7-vod.zahs.tv
fra3-2-hls7-vod.zahs.tv
fra3-3-hls7-vod.zahs.tv
fra3-0.zahs.tv
fra3-1.zahs.tv
fra3-2.zahs.tv
fra3-3.zahs.tv
zba8-0.zahs.tv
zba8-1.zahs.tv
zba8-2.zahs.tv
zba8-0-hls7-live.zahs.tv
zba8-1-hls7-live.zahs.tv
zba8-2-hls7-live.zahs.tv
zba8-0-hls7-pvr.zahs.tv
zba8-1-hls7-pvr.zahs.tv
zba8-2-hls7-pvr.zahs.tv
zba8-0-hls7-vod.zahs.tv
zba8-1-hls7-vod.zahs.tv
zba8-2-hls7-vod.zahs.tv
zh2-8-hls7-live.zahs.tv
zh2-9-hls7-live.zahs.tv
zh2-8-hls7-pvr.zahs.tv
zh2-9-hls7-pvr.zahs.tv
zh2-8-hls7-vod.zahs.tv
zh2-9-hls7-vod.zahs.tv
zba6-0-hls7-live.zahs.tv
zba6-1-hls7-live.zahs.tv
zba6-2-hls7-live.zahs.tv
zba6-0-hls7-pvr.zahs.tv
zba6-1-hls7-pvr.zahs.tv
zba6-2-hls7-pvr.zahs.tv
zba6-0-hls7-vod.zahs.tv
zba6-1-hls7-vod.zahs.tv
zba6-2-hls7-vod.zahs.tv
zba6-0.zahs.tv
zba6-1.zahs.tv
zba6-2.zahs.tv
fr5-0-hls7-live.zahs.tv
fr5-1-hls7-live.zahs.tv
fr5-2-hls7-live.zahs.tv
fr5-3-hls7-live.zahs.tv
fr5-4-hls7-live.zahs.tv
fr5-5-hls7-live.zahs.tv
fr5-0-hls7-pvr.zahs.tv
fr5-1-hls7-pvr.zahs.tv
fr5-2-hls7-pvr.zahs.tv
fr5-3-hls7-pvr.zahs.tv
fr5-4-hls7-pvr.zahs.tv
fr5-5-hls7-pvr.zahs.tv
fr5-0-hls7-vod.zahs.tv
fr5-1-hls7-vod.zahs.tv
fr5-2-hls7-vod.zahs.tv
fr5-3-hls7-vod.zahs.tv
fr5-4-hls7-vod.zahs.tv
fr5-5-hls7-vod.zahs.tv
fr5-0.zahs.tv
fr5-1.zahs.tv
fr5-2.zahs.tv
fr5-3.zahs.tv
fr5-4.zahs.tv
fr5-5.zahs.tv
teleboy-ssl.wemfbox.ch
fra3-0-hls5-live.zahs.tv
fra3-1-hls5-live.zahs.tv
fra3-2-hls5-live.zahs.tv
fra3-3-hls5-live.zahs.tv
fra3-0-hls5-pvr.zahs.tv
fra3-1-hls5-pvr.zahs.tv
fra3-2-hls5-pvr.zahs.tv
fra3-3-hls5-pvr.zahs.tv
fra3-0-hls5-vod.zahs.tv
fra3-1-hls5-vod.zahs.tv
fra3-2-hls5-vod.zahs.tv
fra3-3-hls5-vod.zahs.tv
zba8-0-hls5-live.zahs.tv
zba8-1-hls5-live.zahs.tv
zba8-2-hls5-live.zahs.tv
zba8-0-hls5-pvr.zahs.tv
zba8-1-hls5-pvr.zahs.tv
zba8-2-hls5-pvr.zahs.tv
zba8-0-hls5-vod.zahs.tv
zba8-1-hls5-vod.zahs.tv
zba8-2-hls5-vod.zahs.tv
zh2-9-ss-pvr.zahs.tv
zh2-9-ss-live.zahs.tv
zba6-0-ss-live.zahs.tv
zba6-0-ss-pvr.zahs.tv
zba6-1-ss-pvr.zahs.tv
zattoo-hls7-live.akamaized.net
zattoo-ssl.wemfbox.ch
fr5-0-hls5-live.zahs.tv
zba6-1-hls-live.zahs.tv
zba6-0-hls-live.zahs.tv
zh2-9-hls-live.zahs.tv
fr5-4-ss-live.zahs.tv
fr5-4-ss-pvr.zahs.tv
fr5-3-ss-live.zahs.tv
fr5-3-ss-pvr.zahs.tv
fr5-5-ss-live.zahs.tv
fr5-5-ss-pvr.zahs.tv
fr5-3-hls-live.zahs.tv
fr5-4-hls-live.zahs.tv
fr5-5-dash-pvr.zahs.tv
fr5-3-dash-pvr.zahs.tv
fr5-5-hls-live.zahs.tv
zh2-10-ss-pvr.zahs.tv
zba6-0-dash-vod.zahs.tv
zba6-1-dash-vod.zahs.tv
zba6-2-dash-vod.zahs.tv
zh2-10-hls-live.zahs.tv
zh2-10-dash-vod.zahs.tv
zh2-10-dash-pvr.zahs.tv
zh2-10-ss-live.zahs.tv
zba6-2-hls-live.zahs.tv
zba6-2-ss-pvr.zahs.tv
zh2-11-dash-live.zahs.tv
zh2-11-ss-pvr.zahs.tv
zh2-11-ss-live.zahs.tv
zh2-11-hls-live.zahs.tv
zh2-11-dash-vod.zahs.tv
zh2-10-hls5-live.zahs.tv
zh2-10-dash-live.zahs.tv
zh2-10-hls7-live.zahs.tv
fr5-0-hls-live.zahs.tv
fr5-1-hls-live.zahs.tv
fr5-2-hls-live.zahs.tv
fra3-0-hls-live.zahs.tv
fra3-1-hls-live.zahs.tv
fra3-2-hls-live.zahs.tv
fra3-3-hls-live.zahs.tv
fr5-0-dash-live.zahs.tv
fr5-0-ss-live.zahs.tv
fr5-1-ss-live.zahs.tv
fr5-2-ss-live.zahs.tv
fra3-3-ss-live.zahs.tv
fr5-0-ss-pvr.zahs.tv
fr5-1-ss-pvr.zahs.tv
fr5-2-ss-pvr.zahs.tv
fr5-0-hls-pvr.zahs.tv
fr5-1-hls-pvr.zahs.tv
fr5-2-hls-pvr.zahs.tv
fr5-3-hls-pvr.zahs.tv
fr5-4-hls-pvr.zahs.tv
fr5-5-hls-pvr.zahs.tv
fra3-1-hls-pvr.zahs.tv
fra3-2-hls-pvr.zahs.tv
fra3-3-hls-pvr.zahs.tv
zh2-7-hls-pvr.zahs.tv
zh2-8-hls-pvr.zahs.tv
zh2-9-hls-pvr.zahs.tv
zba6-0-hls-pvr.zahs.tv
zba6-1-hls-pvr.zahs.tv
zba6-2-hls-pvr.zahs.tv
fr5-0-hls5-pvr.zahs.tv
fr5-1-hls5-pvr.zahs.tv
fr5-2-hls5-pvr.zahs.tv
fr5-3-hls5-pvr.zahs.tv
fr5-4-hls5-pvr.zahs.tv
fr5-5-hls5-pvr.zahs.tv
zh2-4-dash-pvr.zahs.tv
fr5-0-dash-pvr.zahs.tv
fr5-1-dash-pvr.zahs.tv
fr5-2-dash-pvr.zahs.tv
fr5-4-dash-pvr.zahs.tv
chromecast-receiver.zattoo.com
zattoo-tizen.zattoo.com
zh2-11-hls7-live.zahs.tv
zh2-11-hls5-live.zahs.tv
zh2-11-dash-pvr.zahs.tv
zh2-11-hls7-pvr.zahs.tv
shop0088.zattoo.com
www.sky.ch
sky.ch
show.sky.ch
sport.sky.ch
store.sky.ch
services.sg1.etvp01.sctv.ch
tvoosa-pez0401.sctv.ch
tvoosa-pez0402.sctv.ch
tvoosa-pez0403.sctv.ch
tvoosa-pez0404.sctv.ch
tvoosa-pez0405.sctv.ch
tvoosa-pez0406.sctv.ch
tvoosa-pez0407.sctv.ch
tvoosa-pez0408.sctv.ch
tvoosa-pez0409.sctv.ch
tvoosa-pez0410.sctv.ch
tvoosa-pez0412.sctv.ch
tvoosa-pez0413.sctv.ch
tvoosa-pez04014sctv.ch
tvoosa-pez0415.sctv.ch
tvoosa-pez0416.sctv.ch
tvoosa-pez0417.sctv.ch
tvoosa-pez0418.sctv.ch
tvoosa-pez0419.sctv.ch
tvoosa-pez0420.sctv.ch
tvoosa-pez0400.sctv.ch
test.teleboy.ch
fr5-1-hls7enc-live.zahs.tv
fr5-2-hls7enc-live.zahs.tv
fr5-3-hls7enc-live.zahs.tv
fr5-4-hls7enc-live.zahs.tv
fr5-5-hls7enc-live.zahs.tv
zh2-1-hls7enc-live.zahs.tv
zh2-2-hls7enc-live.zahs.tv
zh2-3-hls7enc-live.zahs.tv
zh2-4-hls7enc-live.zahs.tv
zh2-5-hls7enc-live.zahs.tv
zh2-6-hls7enc-live.zahs.tv
zh2-7-hls7enc-live.zahs.tv
zh2-8-hls7enc-live.zahs.tv
zh2-9-hls7enc-live.zahs.tv
zh2-10-hls7enc-live.zahs.tv
zh2-11-hls7enc-live.zahs.tv
zh2-12-hls7enc-live.zahs.tv
zh2-13-hls7enc-live.zahs.tv
zba6-1-hls7enc-live.zahs.tv
zba6-2-hls7enc-live.zahs.tv
zh2-0-hls7enc-live.zahs.tv
zba6-0-hls7enc-live.zahs.tv
fr5-0-hls7enc-vod.zahs.tv
fr5-1-hls7enc-vod.zahs.tv
fr5-2-hls7enc-vod.zahs.tv
fr5-3-hls7enc-vod.zahs.tv
fr5-4-hls7enc-vod.zahs.tv
fr5-5-hls7enc-vod.zahs.tv
fr5-0-hls7enc-live.zahs.tv
zh2-0-hls7enc-vod.zahs.tv
zh2-1-hls7enc-vod.zahs.tv
zh2-2-hls7enc-vod.zahs.tv
zh2-3-hls7enc-vod.zahs.tv
zh2-4-hls7enc-vod.zahs.tv
zh2-5-hls7enc-vod.zahs.tv
zh2-6-hls7enc-vod.zahs.tv
zh2-7-hls7enc-vod.zahs.tv
zh2-8-hls7enc-vod.zahs.tv
zh2-9-hls7enc-vod.zahs.tv
zh2-10-hls7enc-vod.zahs.tv
zh2-11-hls7enc-vod.zahs.tv
zh2-12-hls7enc-vod.zahs.tv
zh2-13-hls7enc-vod.zahs.tv
zba6-0-sspr-pvr.zahs.tv
zba6-1-sspr-pvr.zahs.tv
zba6-2-sspr-pvr.zahs.tv
fr5-0-sspr-pvr.zahs.tv
fr5-1-sspr-pvr.zahs.tv
fr5-2-sspr-pvr.zahs.tv
fr5-3-sspr-pvr.zahs.tv
fr5-4-sspr-pvr.zahs.tv
fr5-5-sspr-pvr.zahs.tv
fr5-0-dashenc-pvr.zahs.tv
fr5-1-dashenc-pvr.zahs.tv
fr5-2-dashenc-pvr.zahs.tv
fr5-3-dashenc-pvr.zahs.tv
fr5-4-dashenc-pvr.zahs.tv
fr5-5-dashenc-pvr.zahs.tv
zba6-0-dashenc-pvr.zahs.tv
zba6-1-dashenc-pvr.zahs.tv
zba6-2-dashenc-pvr.zahs.tv
oldpvr1-dashenc-pvr.zahs.tv
oldpvr2-dashenc-pvr.zahs.tv
oldpvr3-dashenc-pvr.zahs.tv
oldpvr4-dashenc-pvr.zahs.tv
zh2-10-dashenc-pvr.zahs.tv
zh2-11-dashenc-pvr.zahs.tv
zh2-12-dashenc-pvr.zahs.tv
zh2-13-dashenc-pvr.zahs.tv
zh2-7-sspr-live.zahs.tv
zh2-8-sspr-live.zahs.tv
zh2-9-sspr-live.zahs.tv
zh2-10-sspr-live.zahs.tv
zh2-11-sspr-live.zahs.tv
zh2-12-sspr-live.zahs.tv
zh2-13-sspr-live.zahs.tv
fr5-0-sspr-live.zahs.tv
fr5-1-sspr-live.zahs.tv
fr5-2-sspr-live.zahs.tv
fr5-3-sspr-live.zahs.tv
fr5-4-sspr-live.zahs.tv
fr5-5-sspr-live.zahs.tv
fr5-0-hls7enc-pvr.zahs.tv
fr5-1-hls7enc-pvr.zahs.tv
fr5-2-hls7enc-pvr.zahs.tv
fr5-3-hls7enc-pvr.zahs.tv
fr5-4-hls7enc-pvr.zahs.tv
fr5-5-hls7enc-pvr.zahs.tv
zh2-0-hls7enc-pvr.zahs.tv
zh2-1-hls7enc-pvr.zahs.tv
zh2-2-hls7enc-pvr.zahs.tv
zh2-3-hls7enc-pvr.zahs.tv
zh2-4-hls7enc-pvr.zahs.tv
zh2-5-hls7enc-pvr.zahs.tv
zh2-6-hls7enc-pvr.zahs.tv
zh2-7-hls7enc-pvr.zahs.tv
zh2-8-hls7enc-pvr.zahs.tv
zh2-9-hls7enc-pvr.zahs.tv
zh2-10-hls7enc-pvr.zahs.tv
zh2-11-hls7enc-pvr.zahs.tv
zh2-12-hls7enc-pvr.zahs.tv
zh2-13-hls7enc-pvr.zahs.tv
zba6-0-hls7enc-pvr.zahs.tv
zba6-1-hls7enc-pvr.zahs.tv
zba6-2-hls7enc-pvr.zahs.tv
oldpvr1-hls7enc-pvr.zahs.tv
oldpvr2-hls7enc-pvr.zahs.tv
oldpvr3-hls7enc-pvr.zahs.tv
oldpvr4-hls7enc-pvr.zahs.tv
zh2-7-sspr-pvr.zahs.tv
zh2-8-sspr-pvr.zahs.tv
zh2-9-sspr-pvr.zahs.tv
zh2-10-sspr-pvr.zahs.tv
zh2-11-sspr-pvr.zahs.tv
zh2-9-dashenc-live.zahs.tv
zh2-10-dashenc-live.zahs.tv
zh2-11-dashenc-live.zahs.tv
zba6-0-sspr-live.zahs.tv
zba6-1-sspr-live.zahs.tv
zba6-2-sspr-live.zahs.tv
zba6-0-sspr-vod.zahs.tv
zba6-1-sspr-vod.zahs.tv
zba6-2-sspr-vod.zahs.tv
fr5-0-dash-vod.zahs.tv
fr5-1-dash-vod.zahs.tv
fr5-2-dash-vod.zahs.tv
fr5-3-dash-vod.zahs.tv
fr5-4-dash-vod.zahs.tv
fr5-5-dash-vod.zahs.tv
fr5-0-sspr-vod.zahs.tv
fr5-1-sspr-vod.zahs.tv
fr5-2-sspr-vod.zahs.tv
fr5-3-sspr-vod.zahs.tv
fr5-4-sspr-vod.zahs.tv
fr5-5-sspr-vod.zahs.tv
zh2-13-hls7-pvr.zahs.tv
zh2-12-hls7-live.zahs.tv
zh2-13-hls7-live.zahs.tv
zh2-12-hls7-vod.zahs.tv
www.teleboy.ch
il.srgssr.ch
srgssruni1ch-lh.akamaihd.net
srgssruni2ch-lh.akamaihd.net
srgssruni3ch-lh.akamaihd.net
sftv-ssl.wemfbox.ch
www.srf.ch
srfvodhd-vh.akamaihd.net
srgssrrcdvr5ch-lh.akamaihd.net
srgssrgop18a-lh.akamaihd.net
srgssruni18ach-lh.akamaihd.net
srgssruni6ch-lh.akamaihd.net
srgssrrcdvr4ch-lh.akamaihd.net
srgssruni4ch-lh.akamaihd.net
srgssrgop18b-lh.akamaihd.net
srgssrrcdvr1ch-lh.akamaihd.net
srgssrrcdvr2ch-lh.akamaihd.net
srgssrrcdvr3ch-lh.akamaihd.net
srgssrrcdvr6ch-lh.akamaihd.net
ws.srf.ch
geo.francetv.fr
ftvodhdsecz-f.akamaihd.net
pluzz.francetv.fr
webservices.francetelevisions.fr
pluzz.webservices.francetelevisions.fr
geoftv-a.akamaihd.net
ftveninfo-lh.akamaihd.net
live.francetv.fr
hdfauthftv-a.akamaihd.net
replayftv-vh.akamaihd.net
livefrancetv.akamaized.net
cloudreplayfrancetv.akamaized.net
www.france.tv
cloudingestfrancetv.akamaized.net
ftvingest-vh.akamaihd.net
staticftv-a.akamaihd.net
cloudreplay.ftven.fr
simulcast.ftven.fr
cloudingest.ftven.fr
live-olympics.ftven.fr
reco.webservices.francetelevisions.fr
player.webservices.francetelevisions.fr
mobile.france.tv
hdfauth.ftven.fr
simulcast-p.ftven.fr
liveventftv.akamaized.net
www.arte.tv
org-www.arte.tv
api.arte.tv
arte.tv
artestras.fc.llnwd.net
api.skychnl.net
artelive-lh.akamaihd.net
arteptweb-vh.akamaihd.net
arteconcert-vh.akamaihd.net
api-cdn.arte.tv
geoloc.arte.tv
sso.arte.tv
wp.arte.tv
y1.arte.tv
static-cdn.arte.tv
arteeurope-vh.akamaihd.net
artehls-vh.akamaihd.net
api-cdn.arte.tv.edgekey.net
artesimulcast.akamaized.net
tf1livhdsstrike-lh.akamaihd.net
s.wat.tv
www.wat.tv
tmclivhdsweblive-lh.akamaihd.net
nt1livhdsweb-lh.akamaihd.net
hd1livhdsweblive-lh.akamaihd.net
geoloc.tf1.fr
delivery.tf1.fr
player.tf1.fr
www.tf1.fr
das-q1-ssl.tf1.fr
cdn1-live.mlflux.net
cdn2-live.mlflux.net
cdn3-live.mlflux.net
noqs-cnd1-live.mlflux.net
cdn3-live-mlflux-net.akamaized.net
cdn3-vod-mlflux-net.akamaized.net
atv.molotov.tv
fusion.molotov.tv
fapi.molotov.tv
app.molotov.tv
desktop-auto-upgrade.molotov.tv
images.molotov.tv
cdn3-vod.mlflux.net
cdn2-vod.mlflux.net
cdn1-vod.mlflux.net
wpush.molotov.tv
fp-vs.azureedge.net
www.viaplay.no
www.viaplay.se
www.viaplay.dk
www.viaplay.fi
checkout.viaplay.no
checkout.viaplay.se
checkout.viaplay.dk
checkout.viaplay.fi
play.viaplay.no
play.viaplay.se
play.viaplay.dk
play.viaplay.fi
account.viaplay.no
account.viaplay.se
account.viaplay.dk
account.viaplay.fi
appconfig.pdl.viaplay.com
content.viaplay.se
content.viaplay.no
content.viaplay.dk
content.viaplay.fi
viaplay.mtg-api.com
tnfailover.viaplay.tv
login.viaplay.no
login.viaplay.se
login.viaplay.dk
login.viaplay.fi
scandi-secure-vod.hls.adaptive.level3.net
appletv.viaplay.se
appletv.viaplay.no
appletv.viaplay.dk
appletv.viaplay.fi
viaplay.no
viaplay.se
viaplay.dk
viaplay.fi
psfil.tv.nrk.no
nordond-f.akamaihd.net
m.nrk.no
nrk1us-f.akamaihd.net
nrk2us-f.akamaihd.net
nrk3us-f.akamaihd.net
nrksuper-lh.akamaihd.net
nrktegnsprak-lh.akamaihd.net
v8-psapi.nrk.no
v8.psapi.nrk.no
psapi-ne.nrk.no
httpcache0-47115-httpcache0.dna.qbrick.com
nrk-nrk1.akamaized.net
nrk-nrk2.akamaized.net
nrk-nrk3.akamaized.net
fastly3.cedexis.fastlylb.net
nordond11c-f.akamaihd.net
fastly.cedexis-test.com
nrk-od-95.akamaized.net
httpcache0-47115-cacheod0.dna.qbrick.com
nrk-od-no.telenorcdn.net
psapi-we.nrk.no
innlogging.nrk.no
nrktv-ios-version-check.nrk.no
nrkod37-httpcache0-47115-cacheod0.dna.ip-only.net
nrkod04-httpcache0-47115-cacheod0.dna.ip-only.net
nrkod01-httpcache0-47115-cacheod0.dna.ip-only.net
nrkod02-httpcache0-47115-cacheod0.dna.ip-only.net
nrkod03-httpcache0-47115-cacheod0.dna.ip-only.net
nrkod05-httpcache0-47115-cacheod0.dna.ip-only.net
nrkod06-httpcache0-47115-cacheod0.dna.ip-only.net
nrkod07-httpcache0-47115-cacheod0.dna.ip-only.net
nrkod08-httpcache0-47115-cacheod0.dna.ip-only.net
nrkod09-httpcache0-47115-cacheod0.dna.ip-only.net
nrkod10-httpcache0-47115-cacheod0.dna.ip-only.net
nrkod11-httpcache0-47115-cacheod0.dna.ip-only.net
nrkod12-httpcache0-47115-cacheod0.dna.ip-only.net
nrkod13-httpcache0-47115-cacheod0.dna.ip-only.net
nrkod14-httpcache0-47115-cacheod0.dna.ip-only.net
nrkod15-httpcache0-47115-cacheod0.dna.ip-only.net
nrkod16-httpcache0-47115-cacheod0.dna.ip-only.net
nrkod17-httpcache0-47115-cacheod0.dna.ip-only.net
nrkod18-httpcache0-47115-cacheod0.dna.ip-only.net
nrkod19-httpcache0-47115-cacheod0.dna.ip-only.net
nrkod20-httpcache0-47115-cacheod0.dna.ip-only.net
nrkod21-httpcache0-47115-cacheod0.dna.ip-only.net
nrkod22-httpcache0-47115-cacheod0.dna.ip-only.net
nrkod23-httpcache0-47115-cacheod0.dna.ip-only.net
nrkod24-httpcache0-47115-cacheod0.dna.ip-only.net
nrkod25-httpcache0-47115-cacheod0.dna.ip-only.net
nrkod26-httpcache0-47115-cacheod0.dna.ip-only.net
nrkod27-httpcache0-47115-cacheod0.dna.ip-only.net
nrkod28-httpcache0-47115-cacheod0.dna.ip-only.net
nrkod29-httpcache0-47115-cacheod0.dna.ip-only.net
nrkod30-httpcache0-47115-cacheod0.dna.ip-only.net
nrkod31-httpcache0-47115-cacheod0.dna.ip-only.net
nrkod32-httpcache0-47115-cacheod0.dna.ip-only.net
nrkod33-httpcache0-47115-cacheod0.dna.ip-only.net
nrkod34-httpcache0-47115-cacheod0.dna.ip-only.net
nrkod35-httpcache0-47115-cacheod0.dna.ip-only.net
nrkod36-httpcache0-47115-cacheod0.dna.ip-only.net
nrkod38-httpcache0-47115-cacheod0.dna.ip-only.net
nrkod39-httpcache0-47115-cacheod0.dna.ip-only.net
nrkod40-httpcache0-47115-cacheod0.dna.ip-only.net
nrkod41-httpcache0-47115-cacheod0.dna.ip-only.net
nrkod42-httpcache0-47115-cacheod0.dna.ip-only.net
nrkod43-httpcache0-47115-cacheod0.dna.ip-only.net
nrkod44-httpcache0-47115-cacheod0.dna.ip-only.net
nrkod45-httpcache0-47115-cacheod0.dna.ip-only.net
nrkod46-httpcache0-47115-cacheod0.dna.ip-only.net
nrkod47-httpcache0-47115-cacheod0.dna.ip-only.net
nrkod48-httpcache0-47115-cacheod0.dna.ip-only.net
nrkod49-httpcache0-47115-cacheod0.dna.ip-only.net
nrkod50-httpcache0-47115-cacheod0.dna.ip-only.net
nrkod51-httpcache0-47115-cacheod0.dna.ip-only.net
nrkod52-httpcache0-47115-cacheod0.dna.ip-only.net
nrkod53-httpcache0-47115-cacheod0.dna.ip-only.net
nrkod54-httpcache0-47115-cacheod0.dna.ip-only.net
nrkod55-httpcache0-47115-cacheod0.dna.ip-only.net
nrkod56-httpcache0-47115-cacheod0.dna.ip-only.net
nrkod57-httpcache0-47115-cacheod0.dna.ip-only.net
nrkod58-httpcache0-47115-cacheod0.dna.ip-only.net
nrkod59-httpcache0-47115-cacheod0.dna.ip-only.net
nrkod60-httpcache0-47115-cacheod0.dna.ip-only.net
nrkod61-httpcache0-47115-cacheod0.dna.ip-only.net
nrkod62-httpcache0-47115-cacheod0.dna.ip-only.net
nrkod63-httpcache0-47115-cacheod0.dna.ip-only.net
nrkod64-httpcache0-47115-cacheod0.dna.ip-only.net
nrkod65-httpcache0-47115-cacheod0.dna.ip-only.net
nrkod66-httpcache0-47115-cacheod0.dna.ip-only.net
nrkod67-httpcache0-47115-cacheod0.dna.ip-only.net
nrkod68-httpcache0-47115-cacheod0.dna.ip-only.net
nrkod69-httpcache0-47115-cacheod0.dna.ip-only.net
nrkod70-httpcache0-47115-cacheod0.dna.ip-only.net
nrkod71-httpcache0-47115-cacheod0.dna.ip-only.net
nrkod72-httpcache0-47115-cacheod0.dna.ip-only.net
nrkod73-httpcache0-47115-cacheod0.dna.ip-only.net
nrkod74-httpcache0-47115-cacheod0.dna.ip-only.net
nrkod75-httpcache0-47115-cacheod0.dna.ip-only.net
nrkod76-httpcache0-47115-cacheod0.dna.ip-only.net
nrkod77-httpcache0-47115-cacheod0.dna.ip-only.net
nrkod78-httpcache0-47115-cacheod0.dna.ip-only.net
nrkod79-httpcache0-47115-cacheod0.dna.ip-only.net
nrkod80-httpcache0-47115-cacheod0.dna.ip-only.net
nrkod81-httpcache0-47115-cacheod0.dna.ip-only.net
nrkod82-httpcache0-47115-cacheod0.dna.ip-only.net
nrkod83-httpcache0-47115-cacheod0.dna.ip-only.net
nrkod84-httpcache0-47115-cacheod0.dna.ip-only.net
nrkod85-httpcache0-47115-cacheod0.dna.ip-only.net
nrkod86-httpcache0-47115-cacheod0.dna.ip-only.net
nrkod87-httpcache0-47115-cacheod0.dna.ip-only.net
nrkod88-httpcache0-47115-cacheod0.dna.ip-only.net
nrkod89-httpcache0-47115-cacheod0.dna.ip-only.net
nrkod90-httpcache0-47115-cacheod0.dna.ip-only.net
nrkod91-httpcache0-47115-cacheod0.dna.ip-only.net
nrkod92-httpcache0-47115-cacheod0.dna.ip-only.net
nrkod93-httpcache0-47115-cacheod0.dna.ip-only.net
nrkod94-httpcache0-47115-cacheod0.dna.ip-only.net
nrkod95-httpcache0-47115-cacheod0.dna.ip-only.net
nrkod96-httpcache0-47115-cacheod0.dna.ip-only.net
nrkod97-httpcache0-47115-cacheod0.dna.ip-only.net
nrkod98-httpcache0-47115-cacheod0.dna.ip-only.net
nrkod99-httpcache0-47115-cacheod0.dna.ip-only.net
www.nrk.no
ssl-nrk.tns-cs.net
nrkstream.tns-cs.net
undertekst.nrk.no
dr01-lh.akamaihd.net
dr02-lh.akamaihd.net
dr03-lh.akamaihd.net
dr04-lh.akamaihd.net
dr05-lh.akamaihd.net
dr06-lh.akamaihd.net
drod-vh.akamaihd.net
www.dr.dk
www.dr-massive.com
drlowlat.akamaized.net
ssl-drtv-appletv.tns-gallup.dk
drlive01hls.akamaized.net
drlive02hls.akamaized.net
drlive03hls.akamaized.net
downol.dr.dk
drod24t.akamaized.net
iview.abc.net.au
cdn.iview.abc.net.au
www.abc.net.au
iviewmetered-vh.akamaihd.net
iviewhls-i.akamaihd.net
a888.avodsl-s.akamaihd.net
abcsecurehttp-a.akamaihd.net
iphonestreaming.abc.net.au
abctvlivehds-lh.akamaihd.net
cp81899.live.edgefcs.net
abcnews24livehds-lh.akamaihd.net
abctvlivehls-lh.akamaihd.net
abcnews24hls-lh.akamaihd.net
iview-vod.akamaized.net
api.iview.abc.net.au
abc-iview-mediapackagestreams-1.akamaized.net
abc-iview-mediapackagestreams-2.akamaized.net
iviewhlsvod-vh.akamaihd.net
foxsportshds-vh.akamaihd.net
foxsportshdhls-lh.akamaihd.net
foxsportshls-vh.akamaihd.net
foxsportseplhds-vh.akamaihd.net
fseplhdhds-lh.akamaihd.net
foxsportshlsg01-lh.akamaihd.net
www.lightbox.co.nz
tdvott-a.akamaihd.net
appgrid-api.cloud.accedo.tv
vpc-lightbox-api-production.cloud.xstream.dk
www.devices.lightbox.co.nz
vpc-lightbox-apigw-production.cloud.xstream.dk
api.lightbox.co.nz
lbdash.akamaized.net
lbsmooth.akamaized.net
lbhls.akamaized.net
staragvod1-vh.akamaihd.net
staragvod-vh.akamaihd.net
staragvod2-vh.akamaihd.net
ipl2061-i.akamaihd.net
star.drm.edgesuite.net
t1re-s.akamaihd.net
service.hotstar.com
beacon.hotstar.com
getcdn.hotstar.com
staragatv.akamaized.net
media1-starag.startv.in
media0-starag.startv.in
search.hotstar.com
hshls2-i.akamaihd.net
staragvod3-vh.akamaihd.net
staragvod4-vh.akamaihd.net
account.hotstar.com
www.hotstar.com
segment.hotstar.com
services.hotstar.com
media-starag.startv.in
hotstar-sin.gravityrd-services.com
hstennislive2-lh.akamaihd.net
secure-getcdn.hotstar.com
secure-media1.hotstar.com
hotstar.worldgravity.com
umsp.hotstar.com
ca.hotstar.com
secure-media0.hotstar.com
secure-media2.hotstar.com
secure-media.hotstar.com
drm.hotstar.com
cws-usw2.conviva.com
hssportsprepack.akamaized.net
hssports33-i.akamaihd.net
api.hotstar.com
staragdash.akamaized.net
staragdash.edgesuite.net
cdn.meta.ndmdhs.com
gcache.hotstar.com
hsdesinova.akamaized.net
sshd2livetv-i.akamaihd.net
starplushd-i.akamaihd.net
sshd1livetv-i.akamaihd.net
starbharat-i.akamaihd.net
starsuvarna-i.akamaihd.net
starutsav-i.akamaihd.net
maagold-i.akamaihd.net
asianethd-i.akamaihd.net
asianetplus-i.akamaihd.net
channelv-i.akamaihd.net
sshindi-i.akamaihd.net
starvijay-i.akamaihd.net
ssselecthd1-i.akamaihd.net
maatv-i.akamaihd.net
ssselecthd2-i.akamaihd.net
hsdashbundesliga1.akamaized.net
hsdashbundesliga2.akamaized.net
hsdashbundesliga3.akamaized.net
hsdashbundesliga4.akamaized.net
hsdashbundesliga5.akamaized.net
hsdashbundesliga6.akamaized.net
hsprepack.akamaized.net
hsdash30.akamaized.net
hses.akamaized.net
live01.akt.hotstar-cdn.net
bifrost-api.hotstar.com
live12.akt.hotstar-cdn.net
us.hotstar.com
live11.hotstar.com
live12.hotstar.com
live13.hotstar.com
live14.hotstar.com
live15.hotstar.com
secure-media1.hotstarext.com
live15p.hotstar.com
live11p.hotstar.com
live12p.hotstar.com
live13p.hotstar.com
live14p.hotstar.com
persona.hotstar.com
live09.akt.hotstar-cdn.net
live02.akt.hotstar-cdn.net
live03.akt.hotstar-cdn.net
live05.akt.hotstar-cdn.net
live06.akt.hotstar-cdn.net
live07.akt.hotstar-cdn.net
live08.akt.hotstar-cdn.net
img1.hotstarext.com
logs.hotstar.com
sub-media.hotstar.com
bifrost.hotstar.com
hotstar.com
img1.hotstar.com
hooq-vod.akamaized.net
hq-clr.akamaized.net
cf-images.ap-southeast-1.prod.boltdns.net
hses.hotstar.com
hshlsnews14-i.akamaihd.net
hsnewsprepack.akamaized.net
live01p.hotstar.com
live02p.hotstar.com
live03p.hotstar.com
live04p.hotstar.com
live05p.hotstar.com
live06p.hotstar.com
live07p.hotstar.com
live08p.hotstar.com
live09p.hotstar.com
live10p.hotstar.com
tv.hotstar.com
webos.hotstar.com
secure-media.hotstarext.com
vod01.akt.hotstar-cdn.net
tailor.akt.hotstar-cdn.net
live12p.akt.hotstar-cdn.net
live11p.akt.hotstar-cdn.net
tizen.hotstar.com
check.dns4me.net
